ARM Linker, 5.03 [Build 24] [MDK-ARM Standard]

==============================================================================

Section Cross References

    s3c2410a.o(STACK) refers (Special) to heapauxi.o(.text) for __use_two_region_memory
    s3c2410a.o(HEAP) refers (Special) to heapauxi.o(.text) for __use_two_region_memory
    s3c2410a.o(RESET) refers (Special) to heapauxi.o(.text) for __use_two_region_memory
    s3c2410a.o(RESET) refers to s3c2410a.o(STACK) for Stack_Top
    s3c2410a.o(RESET) refers to __main.o(!!!main) for __main
    s3c2410a.o(.text) refers (Special) to heapauxi.o(.text) for __use_two_region_memory
    s3c2410a.o(.text) refers to s3c2410a.o(HEAP) for Heap_Mem
    s3c2410a.o(.text) refers to s3c2410a.o(STACK) for Stack_Mem
    main.o(.text) refers to sys_init.o(.text) for sys_init
    main.o(.text) refers to 2410lib.o(.text) for change_value_MPLL
    main.o(.text) refers to tftpmain.o(.text) for NetLoadFile
    arp.o(.text) refers to memset.o(.text) for memset
    arp.o(.text) refers to memcpy.o(.text) for memcpy
    arp.o(.text) refers to tftpmain.o(.text) for htonl
    arp.o(.text) refers to skbuff.o(.text) for alloc_skb
    arp.o(.text) refers to eth.o(.text) for eth_skb_reserve
    arp.o(.text) refers to uwrite4.o(.text) for __aeabi_uwrite4
    arp.o(.text) refers to uread4.o(.text) for __aeabi_uread4
    arp.o(.text) refers to arp.o(.bss) for arp_entrys
    arp.o(.text) refers to arp.o(.data) for arp_chche_cur
    dm9000dbg.o(.text) refers to 2410lib.o(.text) for uart_printf
    dm9000dbg.o(.text) refers to dm9000dbg.o(.data) for dwEthernetIOBase
    dm9000dbg.o(.text) refers to memcpy.o(.text) for memcpy
    eth.o(.text) refers to dm9000dbg.o(.text) for DM9000DBG_Init
    eth.o(.text) refers to skbuff.o(.text) for skb_push
    eth.o(.text) refers to memcpy.o(.text) for memcpy
    eth.o(.text) refers to tftpmain.o(.text) for htons
    icmp.o(.text) refers to skbuff.o(.text) for alloc_skb
    icmp.o(.text) refers to ip.o(.text) for ip_skb_reserve
    icmp.o(.text) refers to icmp.o(.data) for client_ip
    ip.o(.text) refers to uread4.o(.text) for __aeabi_uread4
    ip.o(.text) refers to tftpmain.o(.text) for ntohl
    ip.o(.text) refers to skbuff.o(.text) for skb_pull
    ip.o(.text) refers to udp.o(.text) for udp_rcv_packet
    ip.o(.text) refers to icmp.o(.text) for icmp_rcv_packet
    ip.o(.text) refers to arp.o(.text) for arp_get_eth_addr
    ip.o(.text) refers to uwrite4.o(.text) for __aeabi_uwrite4
    ip.o(.text) refers to eth.o(.text) for eth_send
    ip.o(.text) refers to ip.o(.data) for local_ip
    skbuff.o(.text) refers to memset.o(.text) for memset
    skbuff.o(.text) refers to skbuff.o(.data) for skb_cur
    skbuff.o(.text) refers to skbuff.o(.bss) for skbuff
    tftp.o(.text) refers to skbuff.o(.text) for alloc_skb
    tftp.o(.text) refers to udp.o(.text) for udp_skb_reserve
    tftp.o(.text) refers to tftpmain.o(.text) for htons
    tftp.o(.text) refers to ip.o(.text) for ip_get_source_ip
    tftp.o(.text) refers to tftpput.o(.text) for tftp_put_begin
    tftp.o(.text) refers to 2410lib.o(.text) for uart_printf
    tftp.o(.text) refers to tftp.o(.data) for client_port
    tftpmain.o(.text) refers to skbuff.o(.text) for alloc_skb
    tftpmain.o(.text) refers to eth.o(.text) for eth_rcv
    tftpmain.o(.text) refers to arp.o(.text) for arp_rcv_packet
    tftpmain.o(.text) refers to ip.o(.text) for ip_rcv_packet
    tftpmain.o(.text) refers to 2410lib.o(.text) for uart_printf
    tftpmain.o(.text) refers to udp.o(.text) for udp_init
    tftpmain.o(.text) refers to tftpmain.o(.data) for TftpLoadEnd
    tftpmain.o(.text) refers to main.o(.data) for download_addr
    tftpput.o(.text) refers to memcpy.o(.text) for memcpy
    tftpput.o(.text) refers to main.o(.data) for download_addr
    tftpput.o(.text) refers to tftpput.o(.data) for buf
    tftpput.o(.text) refers to tftpmain.o(.data) for TftpPutBegin
    udp.o(.text) refers to tftpmain.o(.text) for ntohs
    udp.o(.text) refers to skbuff.o(.text) for skb_pull
    udp.o(.text) refers to tftp.o(.text) for tftp_rcv_packet
    udp.o(.text) refers to ip.o(.text) for ip_send
    2410lib.o(.text) refers to dflt_noclz.o(x$fpl$dflt) for __aeabi_i2d
    2410lib.o(.text) refers to ddiv.o(x$fpl$ddiv) for __aeabi_ddiv
    2410lib.o(.text) refers to daddsub_noclz.o(x$fpl$dadd) for __aeabi_dadd
    2410lib.o(.text) refers to dfix.o(x$fpl$dfix) for __aeabi_d2iz
    2410lib.o(.text) refers to aeabi_sdiv.o(.text) for __aeabi_idivmod
    2410lib.o(.text) refers to c89vsprintf.o(.text) for __c89vsprintf
    2410lib.o(.text) refers to strlen.o(.text) for strlen
    2410lib.o(.text) refers to atoi.o(.text) for atoi
    2410lib.o(.text) refers to rt_ctype_table.o(.text) for __rt_ctype_table
    2410lib.o(.text) refers to 2410lib.o(.data) for delayLoopCount
    sys_init.o(.text) refers to 2410lib.o(.text) for uart_printf
    sys_init.o(.text) refers to sys_init.o(.data) for nCNT
[...]
    !!!scatter                               0x000001f0   Section       60  __scatter.o(!!!scatter)
    !!handler_copy                           0x0000022c   Section       40  __scatter_copy.o(!!handler_copy)
    !!handler_zi                             0x00000254   Section       44  __scatter_zi.o(!!handler_zi)
    .ARM.Collect$$_printf_percent$$00000000  0x00000284   Section        0  _printf_percent.o(.ARM.Collect$$_printf_percent$$00000000)
    .ARM.Collect$$_printf_percent$$00000001  0x00000284   Section        8  _printf_n.o(.ARM.Collect$$_printf_percent$$00000001)
    .ARM.Collect$$_printf_percent$$00000002  0x0000028c   Section        8  _printf_p.o(.ARM.Collect$$_printf_percent$$00000002)
    .ARM.Collect$$_printf_percent$$00000003  0x00000294   Section        8  _printf_f.o(.ARM.Collect$$_printf_percent$$00000003)
    .ARM.Collect$$_printf_percent$$00000004  0x0000029c   Section        8  _printf_e.o(.ARM.Collect$$_printf_percent$$00000004)
    .ARM.Collect$$_printf_percent$$00000005  0x000002a4   Section        8  _printf_g.o(.ARM.Collect$$_printf_percent$$00000005)
    .ARM.Collect$$_printf_percent$$00000006  0x000002ac   Section        8  _printf_a.o(.ARM.Collect$$_printf_percent$$00000006)
    .ARM.Collect$$_printf_percent$$00000007  0x000002b4   Section       12  _printf_ll.o(.ARM.Collect$$_printf_percent$$00000007)
    .ARM.Collect$$_printf_percent$$00000008  0x000002c0   Section        8  _printf_i.o(.ARM.Collect$$_printf_percent$$00000008)
    .ARM.Collect$$_printf_percent$$00000009  0x000002c8   Section        8  _printf_d.o(.ARM.Collect$$_printf_percent$$00000009)
    .ARM.Collect$$_printf_percent$$0000000A  0x000002d0   Section        8  _printf_u.o(.ARM.Collect$$_printf_percent$$0000000A)
    .ARM.Collect$$_printf_percent$$0000000B  0x000002d8   Section        8  _printf_o.o(.ARM.Collect$$_printf_percent$$0000000B)
    .ARM.Collect$$_printf_percent$$0000000C  0x000002e0   Section        8  _printf_x.o(.ARM.Collect$$_printf_percent$$0000000C)
    .ARM.Collect$$_printf_percent$$0000000D  0x000002e8   Section        8  _printf_lli.o(.ARM.Collect$$_printf_percent$$0000000D)
    .ARM.Collect$$_printf_percent$$0000000E  0x000002f0   Section        8  _printf_lld.o(.ARM.Collect$$_printf_percent$$0000000E)
    .ARM.Collect$$_printf_percent$$0000000F  0x000002f8   Section        8  _printf_llu.o(.ARM.Collect$$_printf_percent$$0000000F)
    .ARM.Collect$$_printf_percent$$00000010  0x00000300   Section        8  _printf_llo.o(.ARM.Collect$$_printf_percent$$00000010)
    .ARM.Collect$$_printf_percent$$00000011  0x00000308   Section        8  _printf_llx.o(.ARM.Collect$$_printf_percent$$00000011)
    .ARM.Collect$$_printf_percent$$00000012  0x00000310   Section       12  _printf_l.o(.ARM.Collect$$_printf_percent$$00000012)
    .ARM.Collect$$_printf_percent$$00000013  0x0000031c   Section        8  _printf_c.o(.ARM.Collect$$_printf_percent$$00000013)
    .ARM.Collect$$_printf_percent$$00000014  0x00000324   Section        8  _printf_s.o(.ARM.Collect$$_printf_percent$$00000014)
    .ARM.Collect$$_printf_percent$$00000015  0x0000032c   Section        8  _printf_lc.o(.ARM.Collect$$_printf_percent$$00000015)
    .ARM.Collect$$_printf_percent$$00000016  0x00000334   Section        8  _printf_ls.o(.ARM.Collect$$_printf_percent$$00000016)
    .ARM.Collect$$_printf_percent$$00000017  0x0000033c   Section        8  _printf_percent_end.o(.ARM.Collect$$_printf_percent$$00000017)
    .ARM.Collect$$libinit$$00000000          0x0000034c   Section        2  libinit.o(.ARM.Collect$$libinit$$00000000)
    .ARM.Collect$$libinit$$00000002          0x0000034e   Section        0  libinit2.o(.ARM.Collect$$libinit$$00000002)
    .ARM.Collect$$libinit$$00000008          0x0000034e   Section        0  libinit2.o(.ARM.Collect$$libinit$$00000008)
    .ARM.Collect$$libinit$$0000000A          0x0000034e   Section        0  libinit2.o(.ARM.Collect$$libinit$$0000000A)
    .ARM.Collect$$libinit$$0000000C          0x0000034e   Section        0  libinit2.o(.ARM.Collect$$libinit$$0000000C)
    .ARM.Collect$$libinit$$0000000D          0x0000034e   Section        6  libinit2.o(.ARM.Collect$$libinit$$0000000D)
    .ARM.Collect$$libinit$$0000000F          0x00000354   Section        0  libinit2.o(.ARM.Collect$$libinit$$0000000F)
    .ARM.Collect$$libinit$$00000010          0x00000354   Section       12  libinit2.o(.ARM.Collect$$libinit$$00000010)
    .ARM.Collect$$libinit$$00000011          0x00000360   Section        0  libinit2.o(.ARM.Collect$$libinit$$00000011)
    .ARM.Collect$$libinit$$00000013          0x00000360   Section        0  libinit2.o(.ARM.Collect$$libinit$$00000013)
    .ARM.Collect$$libinit$$00000014          0x00000360   Section       10  libinit2.o(.ARM.Collect$$libinit$$00000014)
    .ARM.Collect$$libinit$$00000015          0x0000036a   Section        0  libinit2.o(.ARM.Collect$$libinit$$00000015)
    .ARM.Collect$$libinit$$00000017          0x0000036a   Section        0  libinit2.o(.ARM.Collect$$libinit$$00000017)
    .ARM.Collect$$libinit$$00000019          0x0000036a   Section        0  libinit2.o(.ARM.Collect$$libinit$$00000019)
    .ARM.Collect$$libinit$$0000001B          0x0000036a   Section        0  libinit2.o(.ARM.Collect$$libinit$$0000001B)
    .ARM.Collect$$libinit$$0000001D          0x0000036a   Section        0  libinit2.o(.ARM.Collect$$libinit$$0000001D)
    .ARM.Collect$$libinit$$0000001F          0x0000036a   Section        0  libinit2.o(.ARM.Collect$$libinit$$0000001F)
    .ARM.Collect$$libinit$$00000021          0x0000036a   Section        0  libinit2.o(.ARM.Collect$$libinit$$00000021)
    .ARM.Collect$$libinit$$00000023          0x0000036a   Section        0  libinit2.o(.ARM.Collect$$libinit$$00000023)
    .ARM.Collect$$libinit$$0000002A          0x0000036a   Section        0  libinit2.o(.ARM.Collect$$libinit$$0000002A)
    .ARM.Collect$$libinit$$0000002C          0x0000036a   Section        0  libinit2.o(.ARM.Collect$$libinit$$0000002C)
    .ARM.Collect$$libinit$$0000002E          0x0000036a   Section        0  libinit2.o(.ARM.Collect$$libinit$$0000002E)
    .ARM.Collect$$libinit$$00000030          0x0000036a   Section        0  libinit2.o(.ARM.Collect$$libinit$$00000030)
    .ARM.Collect$$libinit$$00000031          0x0000036a   Section       12  libinit2.o(.ARM.Collect$$libinit$$00000031)
    .ARM.Collect$$libshutdown$$00000000      0x00000380   Section        4  libshutdown.o(.ARM.Collect$$libshutdown$$00000000)
    .ARM.Collect$$libshutdown$$00000003      0x00000384   Section        0  libshutdown2.o(.ARM.Collect$$libshutdown$$00000003)
    .ARM.Collect$$libshutdown$$00000006      0x00000384   Section        0  libshutdown2.o(.ARM.Collect$$libshutdown$$00000006)
    .ARM.Collect$$libshutdown$$00000009      0x00000384   Section        0  libshutdown2.o(.ARM.Collect$$libshutdown$$00000009)
    .ARM.Collect$$libshutdown$$0000000B      0x00000384   Section        0  libshutdown2.o(.ARM.Collect$$libshutdown$$0000000B)
    .ARM.Collect$$libshutdown$$0000000E      0x00000384   Section        0  libshutdown2.o(.ARM.Collect$$libshutdown$$0000000E)
    .ARM.Collect$$libshutdown$$0000000F      0x00000384   Section        6  libshutdown2.o(.ARM.Collect$$libshutdown$$0000000F)
    .ARM.Collect$$rtentry$$00000000          0x0000038c   Section        0  rtentry.o(.ARM.Collect$$rtentry$$00000000)
    .ARM.Collect$$rtentry$$00000002          0x0000038c   Section        0  rtentry2.o(.ARM.Collect$$rtentry$$00000002)
    .ARM.Collect$$rtentry$$00000004          0x0000038c   Section        8  rtentry4.o(.ARM.Collect$$rtentry$$00000004)
    .ARM.Collect$$rtentry$$00000009          0x00000394   Section        0  rtentry2.o(.ARM.Collect$$rtentry$$00000009)
    .ARM.Collect$$rtentry$$0000000A          0x00000394   Section        4  rtentry2.o(.ARM.Collect$$rtentry$$0000000A)
    .ARM.Collect$$rtentry$$0000000C          0x00000398   Section        0  rtentry2.o(.ARM.Collect$$rtentry$$0000000C)
    .ARM.Collect$$rtentry$$0000000D          0x00000398   Section       40  rtentry2.o(.ARM.Collect$$rtentry$$0000000D)
    .ARM.Collect$$rtexit$$00000000           0x000003c4   Section        4  rtexit.o(.ARM.Collect$$rtexit$$00000000)
    .ARM.Collect$$rtexit$$00000002           0x000003c8   Section        0  rtexit2.o(.ARM.Collect$$rtexit$$00000002)
    .ARM.Collect$$rtexit$$00000003           0x000003c8   Section        4  rtexit2.o(.ARM.Collect$$rtexit$$00000003)
    .ARM.Collect$$rtexit$$00000004           0x000003cc   Section        8  rtexit2.o(.ARM.Collect$$rtexit$$00000004)
    .text                                    0x000003d4   Section       36  s3c2410a.o(.text)
    .text                                    0x000003f8   Section        0  main.o(.text)
    .text                                    0x00000488   Section        0  arp.o(.text)
    .text                                    0x00000868   Section        0  dm9000dbg.o(.text)
    ReadReg                                  0x00000868   ARM Code      32  dm9000dbg.o(.text)
    WriteReg                                 0x00000888   ARM Code      28  dm9000dbg.o(.text)
    Probe                                    0x00000a3c   ARM Code     188  dm9000dbg.o(.text)
    .text                                    0x0000160c   Section        0  eth.o(.text)
    .text                                    0x000016e0   Section        0  icmp.o(.text)
    icmp_send_echo                           0x000016e0   ARM Code     188  icmp.o(.text)
    icmp_rcv_echo                            0x0000179c   ARM Code      44  icmp.o(.text)
    .text                                    0x00001804   Section        0  ip.o(.text)
    .text                                    0x00001a9c   Section        0  skbuff.o(.text)
    .text                                    0x00001bc0   Section        0  tftp.o(.text)
    .text                                    0x00001e8c   Section        0  tftpmain.o(.text)
    .text                                    0x00002218   Section        0  tftpput.o(.text)
    .text                                    0x00002350   Section        0  udp.o(.text)
    .text                                    0x00002480   Section        0  2410lib.o(.text)
    .text                                    0x00002f80   Section        0  sys_init.o(.text)
    .text                                    0x000033f8   Section       24  rt_ctype_table.o(.text)
    .text                                    0x00003418   Section        0  c89vsprintf.o(.text)
    .text                                    0x00003448   Section        0  atoi.o(.text)
    .text                                    0x00003470   Section        0  strlen.o(.text)
    .text                                    0x000034b4   Section       16  memcpy.o(.text)
    .text                                    0x000034c4   Section       32  memset.o(.text)
    .text                                    0x000034e4   Section       32  uread4.o(.text)
    .text                                    0x00003504   Section       32  uwrite4.o(.text)
    .text                                    0x00003528   Section      384  aeabi_sdiv.o(.text)
    __arm_div8                               0x00003554   ARM Code       0  aeabi_sdiv.o(.text)
    __arm_div5                               0x00003578   ARM Code       0  aeabi_sdiv.o(.text)
    __arm_div2                               0x0000359c   ARM Code       0  aeabi_sdiv.o(.text)
    __arm_div_large                          0x000035d8   ARM Code       0  aeabi_sdiv.o(.text)
    .text                                    0x000036a8   Section        0  heapauxi.o(.text)
    .text                                    0x000036b4   Section       12  rt_locale_intlibspace.o(.text)
    .text                                    0x000036c4   Section       12  rt_errno_addr_intlibspace.o(.text)
    .text                                    0x000036d0   Section        0  _printf_pad.o(.text)
    .text                                    0x00003726   Section        0  _printf_truncate.o(.text)
    .text                                    0x00003752   Section        0  _printf_str.o(.text)
    .text                                    0x000037b4   Section        0  _printf_dec.o(.text)
    .text                                    0x0000382c   Section        0  _printf_charcount.o(.text)
    .text                                    0x00003854   Section        0  _printf_char_common.o(.text)
    _printf_input_char                       0x00003855   Thumb Code    10  _printf_char_common.o(.text)
    .text                                    0x00003884   Section        0  _sputc.o(.text)
    .text                                    0x00003890   Section        0  _printf_wctomb.o(.text)
    .text                                    0x00003958   Section        0  _printf_longlong_dec.o(.text)
    .text                                    0x000039d4   Section        0  _printf_oct_int_ll.o(.text)
    _printf_longlong_oct_internal            0x000039d5   Thumb Code     0  _printf_oct_int_ll.o(.text)
    .text                                    0x00003a54   Section        0  _printf_hex_int_ll_ptr.o(.text)
    _printf_hex_common                       0x00003a55   Thumb Code     0  _printf_hex_int_ll_ptr.o(.text)
    .text                                    0x00003af4   Section        0  __printf_flags_ss_wp.o(.text)
    .text                                    0x00003c90   Section        0  strtol.o(.text)
    .text                                    0x00003d04   Section      212  rt_memcpy.o(.text)
    .text                                    0x00003dd8   Section       64  rt_memclr.o(.text)
    .text                                    0x00003e18   Section       12  libspace.o(.text)
    .text                                    0x00003e28   Section      160  lludiv10.o(.text)
    .text                                    0x00003ec8   Section        0  _printf_intcommon.o(.text)
    .text                                    0x00003f84   Section        0  _printf_fp_dec.o(.text)
    _fp_digits                               0x00003f87   Thumb Code   414  _printf_fp_dec.o(.text)
    .text                                    0x000043ac   Section        0  _printf_char.o(.text)
    .text                                    0x000043e8   Section        0  _printf_wchar.o(.text)
    .text                                    0x0000441a   Section        0  _strtoul.o(.text)
    .text                                    0x000044c6   Section        0  _wcrtomb.o(.text)
    .text                                    0x00004510   Section      100  rt_memcpy_w.o(.text)
    .text                                    0x00004574   Section       84  rt_memclr_w.o(.text)
    .text                                    0x000045c8   Section      160  strcmp.o(.text)
    .text                                    0x0000466c   Section       44  rtudiv10.o(.text)
    .text                                    0x00004698   Section       96  sys_stackheap_outer.o(.text)
    .text                                    0x000046f8   Section        0  _printf_fp_infnan.o(.text)
    .text                                    0x00004788   Section        0  _chval.o(.text)
    .text                                    0x000047a8   Section        0  bigflt0.o(.text)
    .text                                    0x00004880   Section        0  exit.o(.text)
    .text                                    0x00004894   Section        0  sys_exit.o(.text)
    .text                                    0x000048a0   Section        4  use_no_semi.o(.text)
    .text                                    0x000048a4   Section        0  indicate_semi.o(.text)
    CL$$btod_d2e                             0x000048a8   Section       56  btod.o(CL$$btod_d2e)
    CL$$btod_d2e_denorm_low                  0x000048e0   Section       84  btod.o(CL$$btod_d2e_denorm_low)
    CL$$btod_d2e_norm_op1                    0x00004934   Section      104  btod.o(CL$$btod_d2e_norm_op1)
    CL$$btod_div_common                      0x0000499c   Section      844  btod.o(CL$$btod_div_common)
    CL$$btod_e2e                             0x00004ce8   Section      220  btod.o(CL$$btod_e2e)
    CL$$btod_ediv                            0x00004dc8   Section       52  btod.o(CL$$btod_ediv)
    CL$$btod_emul                            0x00004e00   Section       52  btod.o(CL$$btod_emul)
    CL$$btod_mult_common                     0x00004e34   Section      616  btod.o(CL$$btod_mult_common)
    i.__ARM_common_call_via_r1               0x000050e4   Section        0  __printf.o(i.__ARM_common_call_via_r1)
    i.__ARM_common_call_via_r2               0x000050e6   Section        0  _printf_wctomb.o(i.__ARM_common_call_via_r2)
    i.__ARM_common_call_via_r3               0x000050e8   Section        0  _wcrtomb.o(i.__ARM_common_call_via_r3)
    i.__ARM_fpclassify                       0x000050f0   Section        0  fpclassify.o(i.__ARM_fpclassify)
    i._is_digit                              0x00005120   Section        0  __printf_wp.o(i._is_digit)
    locale$$code                             0x00005134   Section       80  lc_ctype_c.o(locale$$code)
    locale$$code                             0x00005188   Section       80  lc_numeric_c.o(locale$$code)
    x$fpl$dadd                               0x000051d8   Section      340  daddsub_noclz.o(x$fpl$dadd)
    _dadd1                                   0x000051e8   ARM Code       0  daddsub_noclz.o(x$fpl$dadd)
    x$fpl$ddiv                               0x0000532c   Section      736  ddiv.o(x$fpl$ddiv)
    ddiv_entry                               0x00005334   ARM Code       0  ddiv.o(x$fpl$ddiv)
    x$fpl$dfix                               0x0000560c   Section      112  dfix.o(x$fpl$dfix)
    x$fpl$dflt                               0x0000567c   Section       88  dflt_noclz.o(x$fpl$dflt)
    x$fpl$dnaninf                            0x000056d4   Section      192  dnaninf.o(x$fpl$dnaninf)
    x$fpl$dretinf                            0x00005794   Section       16  dretinf.o(x$fpl$dretinf)
    x$fpl$dsub                               0x000057a4   Section      580  daddsub_noclz.o(x$fpl$dsub)
    _dsub1                                   0x000057b4   ARM Code       0  daddsub_noclz.o(x$fpl$dsub)
    x$fpl$ieeestatus                         0x000059ec   Section        8  istatus.o(x$fpl$ieeestatus)
    x$fpl$printf1                            0x000059f4   Section        4  printf1.o(x$fpl$printf1)
    .constdata                               0x000059f8   Section      216  sys_init.o(.constdata)
    x$fpl$usenofp                            0x000059f8   Section        0  usenofp.o(x$fpl$usenofp)
    .constdata                               0x00005ad0   Section        8  _printf_wctomb.o(.constdata)
    initial_mbstate                          0x00005ad0   Data           8  _printf_wctomb.o(.constdata)
    .constdata                               0x00005ad8   Section       40  _printf_hex_int_ll_ptr.o(.constdata)
    uc_hextab                                0x00005ad8   Data          20  _printf_hex_int_ll_ptr.o(.constdata)
    lc_hextab                                0x00005aec   Data          20  _printf_hex_int_ll_ptr.o(.constdata)
    .constdata                               0x00005b00   Section       17  __printf_flags_ss_wp.o(.constdata)
    maptable                                 0x00005b00   Data          17  __printf_flags_ss_wp.o(.constdata)
    .constdata                               0x00005b14   Section      148  bigflt0.o(.constdata)
    tenpwrs_x                                0x00005b14   Data          60  bigflt0.o(.constdata)
    tenpwrs_i                                0x00005b50   Data          64  bigflt0.o(.constdata)
    locale$$data                             0x00005bc8   Section      272  lc_ctype_c.o(locale$$data)
    __lcctype_c_name                         0x00005bcc   Data           2  lc_ctype_c.o(locale$$data)
    __lcctype_c_start                        0x00005bd4   Data           0  lc_ctype_c.o(locale$$data)
    locale$$data                             0x00005cd8   Section       28  lc_numeric_c.o(locale$$data)
    __lcctype_c_end                          0x00005cd8   Data           0  lc_ctype_c.o(locale$$data)
    __lcnum_c_name                           0x00005cdc   Data           2  lc_numeric_c.o(locale$$data)
    __lcnum_c_start                          0x00005ce4   Data           0  lc_numeric_c.o(locale$$data)
    __lcnum_c_point                          0x00005cf0   Data           0  lc_numeric_c.o(locale$$data)
    __lcnum_c_thousands                      0x00005cf2   Data           0  lc_numeric_c.o(locale$$data)
    __lcnum_c_grouping                       0x00005cf3   Data           0  lc_numeric_c.o(locale$$data)
    __lcnum_c_end                            0x00005cf4   Data           0  lc_numeric_c.o(locale$$data)
    .data                                    0x30000000   Section        8  main.o(.data)
    .data                                    0x30000008   Section        4  arp.o(.data)
    arp_chche_cur                            0x30000008   Data           4  arp.o(.data)
    .data                                    0x3000000c   Section       31  dm9000dbg.o(.data)
    OurEmacAddr                              0x30000012   Data           6  dm9000dbg.o(.data)
    dwEthernetIOBase                         0x30000018   Data           4  dm9000dbg.o(.data)
    dwEthernetDataPort                       0x3000001c   Data           4  dm9000dbg.o(.data)
    DM9000_iomode                            0x30000020   Data           1  dm9000dbg.o(.data)
    hash_table                               0x30000022   Data           8  dm9000dbg.o(.data)
    DM9000_rev                               0x3000002a   Data           1  dm9000dbg.o(.data)
    .data                                    0x3000002c   Section        4  icmp.o(.data)
    client_ip                                0x3000002c   Data           4  icmp.o(.data)
    .data                                    0x30000030   Section        6  ip.o(.data)
    local_ip                                 0x30000030   Data           4  ip.o(.data)
    ip_id                                    0x30000034   Data           2  ip.o(.data)
    .data                                    0x30000038   Section        4  skbuff.o(.data)
    .data                                    0x3000003c   Section        8  tftp.o(.data)
    .data                                    0x30000044   Section        3  tftpmain.o(.data)
    .data                                    0x30000048   Section       12  tftpput.o(.data)
    count                                    0x30000048   Data           4  tftpput.o(.data)
    buf                                      0x3000004c   Data           4  tftpput.o(.data)
    data_len                                 0x30000050   Data           4  tftpput.o(.data)
    .data                                    0x30000054   Section        9  2410lib.o(.data)
    delayLoopCount                           0x30000054   Data           4  2410lib.o(.data)
    .data                                    0x30000060   Section        4  sys_init.o(.data)
    .bss                                     0x30000064   Section      204  arp.o(.bss)
    arp_entrys                               0x30000064   Data          12  arp.o(.bss)
    arp_cache                                0x30000070   Data         192  arp.o(.bss)
    .bss                                     0x30000130   Section     7640  skbuff.o(.bss)
    .bss                                     0x30001f08   Section       96  libspace.o(.bss)
    HEAP                                     0x30001f68   Section    18432  s3c2410a.o(HEAP)
    Heap_Mem                                 0x30001f68   Data       18432  s3c2410a.o(HEAP)
    STACK                                    0x30006768   Section    40960  s3c2410a.o(STACK)
    Stack_Mem                                0x30006768   Data       40960  s3c2410a.o(STACK)
    Stack_Top                                0x30010768   Data           0  s3c2410a.o(STACK)

    Global Symbols

    Symbol Name                              Value     Ov Type        Size  Object(Section)

    BuildAttributes$$THM_ISAv1$ARM_ISAv4$S$PE$A:L22$X:L11$S22$IEEE1$IW$USESV6$~STKCKD$USESV7$~SHL$OTIME$ROPI$IEEEJ$EBA8$UX$STANDARDLIB$REQ8$PRES8$EABIv2 0x00000000   Number         0  anon$$obj.o ABSOLUTE
    __ARM_use_no_argv                        0x00000000   Number         0  main.o ABSOLUTE
    _printf_flags                            0x00000000   Number         0  printf_stubs.o ABSOLUTE
    _printf_return_value                     0x00000000   Number         0  printf_stubs.o ABSOLUTE
    _printf_sizespec                         0x00000000   Number         0  printf_stubs.o ABSOLUTE
    _printf_widthprec                        0x00000000   Number         0  printf_stubs.o ABSOLUTE
    __ARM_exceptions_init                     - Undefined Weak Reference
    __alloca_initialize                       - Undefined Weak Reference
    __cpp_initialize__aeabi_                  - Undefined Weak Reference
    __cxa_finalize                            - Undefined Weak Reference
    __sigvec_lookup                           - Undefined Weak Reference
    _atexit_init                              - Undefined Weak Reference
    _call_atexit_fns                          - Undefined Weak Reference
    _clock_init                               - Undefined Weak Reference
    _fp_trap_init                             - Undefined Weak Reference
    _fp_trap_shutdown                         - Undefined Weak Reference
    _get_lc_collate                           - Undefined Weak Reference
    _get_lc_monetary                          - Undefined Weak Reference
    _get_lc_time                              - Undefined Weak Reference
    _getenv_init                              - Undefined Weak Reference
    _handle_redirection                       - Undefined Weak Reference
    _init_alloc                               - Undefined Weak Reference
    _init_user_alloc                          - Undefined Weak Reference
    _initio                                   - Undefined Weak Reference
    _printf_fp_hex                            - Undefined Weak Reference
    _printf_mbtowc                            - Undefined Weak Reference
    _printf_wc                                - Undefined Weak Reference
    _rand_init                                - Undefined Weak Reference
    _signal_finish                            - Undefined Weak Reference
    _signal_init                              - Undefined Weak Reference
    _terminate_alloc                          - Undefined Weak Reference
    _terminate_user_alloc                     - Undefined Weak Reference
    _terminateio                              - Undefined Weak Reference
    Reset_Handler                            0x00000104   ARM Code       0  s3c2410a.o(RESET)
    __main                                   0x000001e8   ARM Code       8  __main.o(!!!main)
    __scatterload                            0x000001f0   ARM Code       0  __scatter.o(!!!scatter)
    __scatterload_rt2                        0x000001f0   ARM Code      52  __scatter.o(!!!scatter)
    __scatterload_null                       0x00000204   ARM Code       0  __scatter.o(!!!scatter)
    __scatterload_copy                       0x0000022c   ARM Code      40  __scatter_copy.o(!!handler_copy)
    __scatterload_zeroinit                   0x00000254   ARM Code      44  __scatter_zi.o(!!handler_zi)
    Inline Thumb to ARM Veneer to _printf_percent 0x00000281   Thumb Code     4  _printf_percent.o(.ARM.Collect$$_printf_percent$$00000000)
    _printf_n                                0x00000284   ARM Code       0  _printf_n.o(.ARM.Collect$$_printf_percent$$00000001)
    _printf_percent                          0x00000284   ARM Code       0  _printf_percent.o(.ARM.Collect$$_printf_percent$$00000000)
    _printf_p                                0x0000028c   ARM Code       0  _printf_p.o(.ARM.Collect$$_printf_percent$$00000002)
    _printf_f                                0x00000294   ARM Code       0  _printf_f.o(.ARM.Collect$$_printf_percent$$00000003)
    _printf_e                                0x0000029c   ARM Code       0  _printf_e.o(.ARM.Collect$$_printf_percent$$00000004)
    _printf_g                                0x000002a4   ARM Code       0  _printf_g.o(.ARM.Collect$$_printf_percent$$00000005)
    _printf_a                                0x000002ac   ARM Code       0  _printf_a.o(.ARM.Collect$$_printf_percent$$00000006)
    _printf_ll                               0x000002b4   ARM Code       0  _printf_ll.o(.ARM.Collect$$_printf_percent$$00000007)
    _printf_i                                0x000002c0   ARM Code       0  _printf_i.o(.ARM.Collect$$_printf_percent$$00000008)
    _printf_d                                0x000002c8   ARM Code       0  _printf_d.o(.ARM.Collect$$_printf_percent$$00000009)
    _printf_u                                0x000002d0   ARM Code       0  _printf_u.o(.ARM.Collect$$_printf_percent$$0000000A)
    _printf_o                                0x000002d8   ARM Code       0  _printf_o.o(.ARM.Collect$$_printf_percent$$0000000B)
    _printf_x                                0x000002e0   ARM Code       0  _printf_x.o(.ARM.Collect$$_printf_percent$$0000000C)
    _printf_lli                              0x000002e8   ARM Code       0  _printf_lli.o(.ARM.Collect$$_printf_percent$$0000000D)
    _printf_lld                              0x000002f0   ARM Code       0  _printf_lld.o(.ARM.Collect$$_printf_percent$$0000000E)
    _printf_llu                              0x000002f8   ARM Code       0  _printf_llu.o(.ARM.Collect$$_printf_percent$$0000000F)
    _printf_llo                              0x00000300   ARM Code       0  _printf_llo.o(.ARM.Collect$$_printf_percent$$00000010)
    _printf_llx                              0x00000308   ARM Code       0  _printf_llx.o(.ARM.Collect$$_printf_percent$$00000011)
    _printf_l                                0x00000310   ARM Code       0  _printf_l.o(.ARM.Collect$$_printf_percent$$00000012)
    _printf_c                                0x0000031c   ARM Code       0  _printf_c.o(.ARM.Collect$$_printf_percent$$00000013)
    _printf_s                                0x00000324   ARM Code       0  _printf_s.o(.ARM.Collect$$_printf_percent$$00000014)
    _printf_lc                               0x0000032c   ARM Code       0  _printf_lc.o(.ARM.Collect$$_printf_percent$$00000015)
    _printf_ls                               0x00000334   ARM Code       0  _printf_ls.o(.ARM.Collect$$_printf_percent$$00000016)
    _printf_percent_end                      0x0000033c   ARM Code       0  _printf_percent_end.o(.ARM.Collect$$_printf_percent$$00000017)
    Inline ARM to Thumb Veneer to __rt_lib_init 0x00000344   ARM Code       8  libinit.o(.ARM.Collect$$libinit$$00000000)
    __rt_lib_init                            0x0000034d   Thumb Code     0  libinit.o(.ARM.Collect$$libinit$$00000000)
    __rt_lib_init_fp_1                       0x0000034f   Thumb Code     0  libinit2.o(.ARM.Collect$$libinit$$00000002)
    __rt_lib_init_heap_1                     0x0000034f   Thumb Code     0  libinit2.o(.ARM.Collect$$libinit$$00000008)
    __rt_lib_init_lc_common                  0x0000034f   Thumb Code     0  libinit2.o(.ARM.Collect$$libinit$$0000000D)
    __rt_lib_init_rand_1                     0x0000034f   Thumb Code     0  libinit2.o(.ARM.Collect$$libinit$$0000000C)
    __rt_lib_init_user_alloc_1               0x0000034f   Thumb Code     0  libinit2.o(.ARM.Collect$$libinit$$0000000A)
    __rt_lib_init_lc_collate_1               0x00000355   Thumb Code     0  libinit2.o(.ARM.Collect$$libinit$$0000000F)
    __rt_lib_init_lc_ctype_2                 0x00000355   Thumb Code     0  libinit2.o(.ARM.Collect$$libinit$$00000010)
    __rt_lib_init_lc_ctype_1                 0x00000361   Thumb Code     0  libinit2.o(.ARM.Collect$$libinit$$00000011)
    __rt_lib_init_lc_monetary_1              0x00000361   Thumb Code     0  libinit2.o(.ARM.Collect$$libinit$$00000013)
    __rt_lib_init_lc_numeric_2               0x00000361   Thumb Code     0  libinit2.o(.ARM.Collect$$libinit$$00000014)
    __rt_lib_init_alloca_1                   0x0000036b   Thumb Code     0  libinit2.o(.ARM.Collect$$libinit$$0000002C)
    __rt_lib_init_argv_1                     0x0000036b   Thumb Code     0  libinit2.o(.ARM.Collect$$libinit$$0000002A)
    __rt_lib_init_atexit_1                   0x0000036b   Thumb Code     0  libinit2.o(.ARM.Collect$$libinit$$00000019)
    __rt_lib_init_clock_1                    0x0000036b   Thumb Code     0  libinit2.o(.ARM.Collect$$libinit$$0000001F)
    __rt_lib_init_cpp_1                      0x0000036b   Thumb Code     0  libinit2.o(.ARM.Collect$$libinit$$00000030)
    __rt_lib_init_exceptions_1               0x0000036b   Thumb Code     0  libinit2.o(.ARM.Collect$$libinit$$0000002E)
    __rt_lib_init_fp_trap_1                  0x0000036b   Thumb Code     0  libinit2.o(.ARM.Collect$$libinit$$0000001D)
    __rt_lib_init_getenv_1                   0x0000036b   Thumb Code     0  libinit2.o(.ARM.Collect$$libinit$$00000021)
    __rt_lib_init_lc_numeric_1               0x0000036b   Thumb Code     0  libinit2.o(.ARM.Collect$$libinit$$00000015)
    __rt_lib_init_lc_time_1                  0x0000036b   Thumb Code     0  libinit2.o(.ARM.Collect$$libinit$$00000017)
    __rt_lib_init_return                     0x0000036b   Thumb Code     0  libinit2.o(.ARM.Collect$$libinit$$00000031)
    __rt_lib_init_signal_1                   0x0000036b   Thumb Code     0  libinit2.o(.ARM.Collect$$libinit$$0000001B)
    __rt_lib_init_stdio_1                    0x0000036b   Thumb Code     0  libinit2.o(.ARM.Collect$$libinit$$00000023)
    Inline ARM to Thumb Veneer to __rt_lib_shutdown 0x00000378   ARM Code       8  libshutdown.o(.ARM.Collect$$libshutdown$$00000000)
    __rt_lib_shutdown                        0x00000381   Thumb Code     0  libshutdown.o(.ARM.Collect$$libshutdown$$00000000)
    __rt_lib_shutdown_fp_trap_1              0x00000385   Thumb Code     0  libshutdown2.o(.ARM.Collect$$libshutdown$$00000006)
    __rt_lib_shutdown_heap_1                 0x00000385   Thumb Code     0  libshutdown2.o(.ARM.Collect$$libshutdown$$0000000E)
    __rt_lib_shutdown_return                 0x00000385   Thumb Code     0  libshutdown2.o(.ARM.Collect$$libshutdown$$0000000F)
    __rt_lib_shutdown_signal_1               0x00000385   Thumb Code     0  libshutdown2.o(.ARM.Collect$$libshutdown$$00000009)
    __rt_lib_shutdown_stdio_1                0x00000385   Thumb Code     0  libshutdown2.o(.ARM.Collect$$libshutdown$$00000003)
    __rt_lib_shutdown_user_alloc_1           0x00000385   Thumb Code     0  libshutdown2.o(.ARM.Collect$$libshutdown$$0000000B)
    __rt_entry                               0x0000038c   ARM Code       0  rtentry.o(.ARM.Collect$$rtentry$$00000000)
    __rt_entry_presh_1                       0x0000038c   ARM Code       0  rtentry2.o(.ARM.Collect$$rtentry$$00000002)
    __rt_entry_sh                            0x0000038c   ARM Code       0  rtentry4.o(.ARM.Collect$$rtentry$$00000004)
    __rt_entry_li                            0x00000394   ARM Code       0  rtentry2.o(.ARM.Collect$$rtentry$$0000000A)
    __rt_entry_postsh_1                      0x00000394   ARM Code       0  rtentry2.o(.ARM.Collect$$rtentry$$00000009)
    __rt_entry_main                          0x00000398   ARM Code       0  rtentry2.o(.ARM.Collect$$rtentry$$0000000D)
    __rt_entry_postli_1                      0x00000398   ARM Code       0  rtentry2.o(.ARM.Collect$$rtentry$$0000000C)
    Inline Thumb to ARM Veneer to __rt_exit  0x000003c1   Thumb Code     4  rtexit.o(.ARM.Collect$$rtexit$$00000000)
    __rt_exit                                0x000003c4   ARM Code       0  rtexit.o(.ARM.Collect$$rtexit$$00000000)
    __rt_exit_ls                             0x000003c8   ARM Code       0  rtexit2.o(.ARM.Collect$$rtexit$$00000003)
    __rt_exit_prels_1                        0x000003c8   ARM Code       0  rtexit2.o(.ARM.Collect$$rtexit$$00000002)
    __rt_exit_exit                           0x000003cc   ARM Code       0  rtexit2.o(.ARM.Collect$$rtexit$$00000004)
    __user_initial_stackheap                 0x000003d4   ARM Code       0  s3c2410a.o(.text)
    main                                     0x000003f8   ARM Code      88  main.o(.text)
    arp_init                                 0x00000488   ARM Code      48  arp.o(.text)
    arp_add_entry                            0x000004b8   ARM Code      56  arp.o(.text)
    arp_add_cache                            0x000004f0   ARM Code     172  arp.o(.text)
    arp_send_req                             0x0000059c   ARM Code     228  arp.o(.text)
    arp_send_rsp                             0x00000680   ARM Code     220  arp.o(.text)
    arp_get_eth_addr                         0x0000075c   ARM Code     152  arp.o(.text)
    arp_rcv_packet                           0x000007f4   ARM Code     116  arp.o(.text)
    CalculateHashIndex                       0x000008a4   ARM Code     144  dm9000dbg.o(.text)
    DM9000_Delay                             0x00000934   ARM Code      20  dm9000dbg.o(.text)
    dm9000_hash_table                        0x00000948   ARM Code     244  dm9000dbg.o(.text)
    DM9000DBG_EnableInts                     0x00000af8   ARM Code      24  dm9000dbg.o(.text)
    DM9000DBG_DisableInts                    0x00000b10   ARM Code     268  dm9000dbg.o(.text)
    dm9000_send                              0x00000c1c   ARM Code     332  dm9000dbg.o(.text)
    DM9000DBG_Init                           0x00000d68   ARM Code     548  dm9000dbg.o(.text)
    DM9000DBG_GetPendingInts                 0x00000f8c   ARM Code      40  dm9000dbg.o(.text)
    DM9000DBG_GetFrame                       0x00000fb4   ARM Code     596  dm9000dbg.o(.text)
    DM9000DBG_SendFrame                      0x00001208   ARM Code      44  dm9000dbg.o(.text)
    DM9000DBG_CurrentPacketFilter            0x00001234   ARM Code     420  dm9000dbg.o(.text)
    DM9000DBG_MulticastList                  0x000013d8   ARM Code     424  dm9000dbg.o(.text)
    board_eth_get_addr                       0x00001580   ARM Code      36  dm9000dbg.o(.text)
    eth_init                                 0x0000160c   ARM Code      16  eth.o(.text)
    eth_get_addr                             0x0000161c   ARM Code      24  eth.o(.text)
    eth_send                                 0x00001634   ARM Code     112  eth.o(.text)
    eth_rcv                                  0x000016a4   ARM Code      32  eth.o(.text)
    eth_skb_reserve                          0x000016c4   ARM Code      28  eth.o(.text)
    icmp_rcv_packet                          0x000017c8   ARM Code      52  icmp.o(.text)
    ip_fast_csum                             0x00001804   ARM Code     116  ip.o(.text)
    ip_init                                  0x00001878   ARM Code      20  ip.o(.text)
    ip_rcv_packet                            0x0000188c   ARM Code     128  ip.o(.text)
    ip_send                                  0x0000190c   ARM Code     316  ip.o(.text)
    ip_skb_reserve                           0x00001a48   ARM Code      36  ip.o(.text)
    ip_get_source_ip                         0x00001a6c   ARM Code      36  ip.o(.text)
    skb_init                                 0x00001a9c   ARM Code       8  skbuff.o(.text)
    skb_headerinit                           0x00001aa4   ARM Code      56  skbuff.o(.text)
    alloc_skb                                0x00001adc   ARM Code      96  skbuff.o(.text)
    free_skb                                 0x00001b3c   ARM Code       4  skbuff.o(.text)
    skb_put                                  0x00001b40   ARM Code      24  skbuff.o(.text)
    skb_pull                                 0x00001b58   ARM Code      36  skbuff.o(.text)
    skb_push                                 0x00001b7c   ARM Code      36  skbuff.o(.text)
    skb_reserve                              0x00001ba0   ARM Code      16  skbuff.o(.text)
    tftp_send_ack                            0x00001bc0   ARM Code     140  tftp.o(.text)
    tftp_rcv_wrq                             0x00001c4c   ARM Code      84  tftp.o(.text)
    tftp_rcv_data                            0x00001ca0   ARM Code     296  tftp.o(.text)
    tftp_rcv_packet                          0x00001dc8   ARM Code     152  tftp.o(.text)
    ntohs                                    0x00001e8c   ARM Code      20  tftpmain.o(.text)
    ntohl                                    0x00001ea0   ARM Code      44  tftpmain.o(.text)
    htons                                    0x00001ecc   ARM Code      20  tftpmain.o(.text)
    htonl                                    0x00001ee0   ARM Code      24  tftpmain.o(.text)
    net_handle                               0x00001ef8   ARM Code     140  tftpmain.o(.text)
    NetLoadFile                              0x00001f84   ARM Code     416  tftpmain.o(.text)
    tftp_put_begin                           0x00002218   ARM Code      48  tftpput.o(.text)
    tftp_put                                 0x00002248   ARM Code     136  tftpput.o(.text)
    update_bios                              0x000022d0   ARM Code      12  tftpput.o(.text)
    update_system_table                      0x000022dc   ARM Code      12  tftpput.o(.text)
    update_partition_table                   0x000022e8   ARM Code      12  tftpput.o(.text)
    update_partition                         0x000022f4   ARM Code      12  tftpput.o(.text)
    update_firmware                          0x00002300   ARM Code      12  tftpput.o(.text)
    tftp_put_end                             0x0000230c   ARM Code      36  tftpput.o(.text)
    udp_init                                 0x00002350   ARM Code       8  udp.o(.text)
    udp_rcv_packet                           0x00002358   ARM Code      88  udp.o(.text)
    udp_send                                 0x000023b0   ARM Code     136  udp.o(.text)
    udp_skb_reserve                          0x00002438   ARM Code      36  udp.o(.text)
    udp_get_source_port                      0x0000245c   ARM Code      36  udp.o(.text)
    port_init                                0x00002480   ARM Code     160  2410lib.o(.text)
    uart_change_baud                         0x00002520   ARM Code     216  2410lib.o(.text)
    delay                                    0x000025f8   ARM Code     180  2410lib.o(.text)
    uart_init                                0x000026ac   ARM Code     492  2410lib.o(.text)
    uart_select                              0x00002898   ARM Code      12  2410lib.o(.text)
    uart_txempty                             0x000028a4   ARM Code      96  2410lib.o(.text)
    uart_getch                               0x00002904   ARM Code     152  2410lib.o(.text)
    uart_getkey                              0x0000299c   ARM Code     164  2410lib.o(.text)
    uart_sendbyte                            0x00002a40   ARM Code     324  2410lib.o(.text)
    uart_sendstring                          0x00002b84   ARM Code      40  2410lib.o(.text)
    uart_printf                              0x00002bac   ARM Code      64  2410lib.o(.text)
    uart_getstring                           0x00002bec   ARM Code     100  2410lib.o(.text)
    uart_getintnum                           0x00002c50   ARM Code     460  2410lib.o(.text)
    timer_start                              0x00002e1c   ARM Code      60  2410lib.o(.text)
    timer_stop                               0x00002e58   ARM Code      32  2410lib.o(.text)
    change_value_MPLL                        0x00002e78   ARM Code      24  2410lib.o(.text)
    change_clock_divider                     0x00002e90   ARM Code      16  2410lib.o(.text)
    ChangeUPllValue                          0x00002ea0   ARM Code      24  2410lib.o(.text)
    EnableMMU                                0x00002eb8   ARM Code      36  2410lib.o(.text)
    InitMMU                                  0x00002edc   ARM Code     152  2410lib.o(.text)
    __gccmain                                0x00002f74   ARM Code       4  2410lib.o(.text)
    break_point                              0x00002f80   ARM Code      20  sys_init.o(.text)
    debug_undef                              0x00002f94   ARM Code      48  sys_init.o(.text)
    debug_swi                                0x00002fc4   ARM Code      48  sys_init.o(.text)
    debug_abort_d                            0x00002ff4   ARM Code      48  sys_init.o(.text)
    debug_abort_p                            0x00003024   ARM Code      48  sys_init.o(.text)
    debug_fiq                                0x00003054   ARM Code      48  sys_init.o(.text)
    interrupts_init                          0x00003084   ARM Code     608  sys_init.o(.text)
    beep_init                                0x000032e4   ARM Code      56  sys_init.o(.text)
    print_infor                              0x0000331c   ARM Code      52  sys_init.o(.text)
    sys_init                                 0x00003350   ARM Code     132  sys_init.o(.text)
    Inline Thumb to ARM Veneer to __rt_ctype_table 0x000033f5   Thumb Code     4  rt_ctype_table.o(.text)
    __rt_ctype_table                         0x000033f8   ARM Code      24  rt_ctype_table.o(.text)
    Inline ARM to Thumb Veneer to __c89vsprintf 0x00003410   ARM Code       8  c89vsprintf.o(.text)
    __c89vsprintf                            0x00003419   Thumb Code    36  c89vsprintf.o(.text)
    Inline ARM to Thumb Veneer to atoi       0x00003440   ARM Code       8  atoi.o(.text)
    atoi                                     0x00003449   Thumb Code    30  atoi.o(.text)
    Inline ARM to Thumb Veneer to strlen     0x00003468   ARM Code       8  strlen.o(.text)
    strlen                                   0x00003471   Thumb Code    64  strlen.o(.text)
    memcpy                                   0x000034b4   ARM Code      16  memcpy.o(.text)
    memset                                   0x000034c4   ARM Code      32  memset.o(.text)
    __aeabi_uread4                           0x000034e4   ARM Code       0  uread4.o(.text)
    __rt_uread4                              0x000034e4   ARM Code      32  uread4.o(.text)
    __aeabi_uwrite4                          0x00003504   ARM Code       0  uwrite4.o(.text)
    __rt_uwrite4                             0x00003504   ARM Code      32  uwrite4.o(.text)
    Inline Thumb to ARM Veneer to __aeabi_idivmod 0x00003525   Thumb Code     4  aeabi_sdiv.o(.text)
    __aeabi_idiv                             0x00003528   ARM Code       0  aeabi_sdiv.o(.text)
    __aeabi_idivmod                          0x00003528   ARM Code     384  aeabi_sdiv.o(.text)
    __use_two_region_memory                  0x000036a9   Thumb Code     2  heapauxi.o(.text)
    __rt_heap_escrow$2region                 0x000036ab   Thumb Code     2  heapauxi.o(.text)
    __rt_heap_expand$2region                 0x000036ad   Thumb Code     2  heapauxi.o(.text)
    Inline Thumb to ARM Veneer to __rt_locale 0x000036b1   Thumb Code     4  rt_locale_intlibspace.o(.text)
    __rt_locale                              0x000036b4   ARM Code      12  rt_locale_intlibspace.o(.text)
    Inline Thumb to ARM Veneer to __aeabi_errno_addr 0x000036c1   Thumb Code     4  rt_errno_addr_intlibspace.o(.text)
    __aeabi_errno_addr                       0x000036c4   ARM Code      12  rt_errno_addr_intlibspace.o(.text)
    __errno$intlibspace                      0x000036c4   ARM Code       0  rt_errno_addr_intlibspace.o(.text)
    __rt_errno_addr$intlibspace              0x000036c4   ARM Code       0  rt_errno_addr_intlibspace.o(.text)
    _printf_pre_padding                      0x000036d1   Thumb Code    50  _printf_pad.o(.text)
    _printf_post_padding                     0x00003703   Thumb Code    36  _printf_pad.o(.text)
    _printf_truncate_signed                  0x00003727   Thumb Code    22  _printf_truncate.o(.text)
    _printf_truncate_unsigned                0x0000373d   Thumb Code    22  _printf_truncate.o(.text)
    _printf_str                              0x00003753   Thumb Code    88  _printf_str.o(.text)
    Inline ARM to Thumb Veneer to _printf_int_dec 0x000037ac   ARM Code       8  _printf_dec.o(.text)
    _printf_int_dec                          0x000037b5   Thumb Code    94  _printf_dec.o(.text)
    Inline ARM to Thumb Veneer to _printf_charcount 0x00003824   ARM Code       8  _printf_charcount.o(.text)
    _printf_charcount                        0x0000382d   Thumb Code    40  _printf_charcount.o(.text)
    _printf_char_common                      0x0000385f   Thumb Code    34  _printf_char_common.o(.text)
    _sputc                                   0x00003885   Thumb Code    10  _sputc.o(.text)
    _printf_wctomb                           0x00003891   Thumb Code   188  _printf_wctomb.o(.text)
    Inline ARM to Thumb Veneer to _printf_longlong_dec 0x00003950   ARM Code       8  _printf_longlong_dec.o(.text)
    _printf_longlong_dec                     0x00003959   Thumb Code    98  _printf_longlong_dec.o(.text)
    Inline ARM to Thumb Veneer to _printf_int_oct 0x000039cc   ARM Code       8  _printf_oct_int_ll.o(.text)
    _printf_longlong_oct                     0x000039d5   Thumb Code    72  _printf_oct_int_ll.o(.text)
    _printf_int_oct                          0x00003a1d   Thumb Code    28  _printf_oct_int_ll.o(.text)
    _printf_ll_oct                           0x00003a39   Thumb Code    10  _printf_oct_int_ll.o(.text)
    Inline ARM to Thumb Veneer to _printf_hex_ptr 0x00003a4c   ARM Code       8  _printf_hex_int_ll_ptr.o(.text)
    _printf_longlong_hex                     0x00003a55   Thumb Code    92  _printf_hex_int_ll_ptr.o(.text)
    _printf_int_hex                          0x00003ab1   Thumb Code    32  _printf_hex_int_ll_ptr.o(.text)
    _printf_ll_hex                           0x00003ad1   Thumb Code    10  _printf_hex_int_ll_ptr.o(.text)
    _printf_hex_ptr                          0x00003adb   Thumb Code    22  _printf_hex_int_ll_ptr.o(.text)
    __printf                                 0x00003af5   Thumb Code   406  __printf_flags_ss_wp.o(.text)
    strtol                                   0x00003c91   Thumb Code   112  strtol.o(.text)
    __aeabi_memcpy                           0x00003d04   ARM Code       0  rt_memcpy.o(.text)
    __rt_memcpy                              0x00003d04   ARM Code     212  rt_memcpy.o(.text)
    _memcpy_lastbytes                        0x00003db8   ARM Code       0  rt_memcpy.o(.text)
    __aeabi_memclr                           0x00003dd8   ARM Code       0  rt_memclr.o(.text)
    __rt_memclr                              0x00003dd8   ARM Code      64  rt_memclr.o(.text)
    _memset                                  0x00003ddc   ARM Code       0  rt_memclr.o(.text)
    __user_libspace                          0x00003e18   ARM Code      12  libspace.o(.text)
    __user_perproc_libspace                  0x00003e18   ARM Code       0  libspace.o(.text)
    __user_perthread_libspace                0x00003e18   ARM Code       0  libspace.o(.text)
    Inline Thumb to ARM Veneer to _ll_udiv10 0x00003e25   Thumb Code     4  lludiv10.o(.text)
    _ll_udiv10                               0x00003e28   ARM Code     160  lludiv10.o(.text)
    _printf_int_common                       0x00003ec9   Thumb Code   186  _printf_intcommon.o(.text)
    __lib_sel_fp_printf                      0x00003f85   Thumb Code     2  _printf_fp_dec.o(.text)
    _printf_fp_dec_real                      0x00004125   Thumb Code   626  _printf_fp_dec.o(.text)
    Inline ARM to Thumb Veneer to _printf_char 0x000043a4   ARM Code       8  _printf_char.o(.text)
    _printf_cs_common                        0x000043ad   Thumb Code    26  _printf_char.o(.text)
    _printf_char                             0x000043c7   Thumb Code    16  _printf_char.o(.text)
    _printf_string                           0x000043d7   Thumb Code     8  _printf_char.o(.text)
    Inline ARM to Thumb Veneer to _printf_wchar 0x000043e0   ARM Code       8  _printf_wchar.o(.text)
    _printf_lcs_common                       0x000043e9   Thumb Code    26  _printf_wchar.o(.text)
    _printf_wchar                            0x00004403   Thumb Code    16  _printf_wchar.o(.text)
    _printf_wstring                          0x00004413   Thumb Code     8  _printf_wchar.o(.text)
    _strtoul                                 0x0000441b   Thumb Code   172  _strtoul.o(.text)
    _wcrtomb                                 0x000044c7   Thumb Code    74  _wcrtomb.o(.text)
    __aeabi_memcpy4                          0x00004510   ARM Code       0  rt_memcpy_w.o(.text)
    __aeabi_memcpy8                          0x00004510   ARM Code       0  rt_memcpy_w.o(.text)
    __rt_memcpy_w                            0x00004510   ARM Code     100  rt_memcpy_w.o(.text)
    _memcpy_lastbytes_aligned                0x0000455c   ARM Code       0  rt_memcpy_w.o(.text)
    __aeabi_memclr4                          0x00004574   ARM Code       0  rt_memclr_w.o(.text)
    __aeabi_memclr8                          0x00004574   ARM Code       0  rt_memclr_w.o(.text)
    __rt_memclr_w                            0x00004574   ARM Code      84  rt_memclr_w.o(.text)
    _memset_w                                0x00004578   ARM Code       0  rt_memclr_w.o(.text)
    strcmp                                   0x000045c8   ARM Code     156  strcmp.o(.text)
    Inline Thumb to ARM Veneer to __rt_udiv10 0x00004669   Thumb Code     4  rtudiv10.o(.text)
    __rt_udiv10                              0x0000466c   ARM Code      44  rtudiv10.o(.text)
    __user_setup_stackheap                   0x00004698   ARM Code      96  sys_stackheap_outer.o(.text)
    _printf_fp_infnan                        0x000046f9   Thumb Code   128  _printf_fp_infnan.o(.text)
    _chval                                   0x00004789   Thumb Code    30  _chval.o(.text)
    _btod_etento                             0x000047a9   Thumb Code   210  bigflt0.o(.text)
    exit                                     0x00004881   Thumb Code    12  exit.o(.text)
    Inline ARM to Thumb Veneer to _sys_exit  0x0000488c   ARM Code       8  sys_exit.o(.text)
    _sys_exit                                0x00004895   Thumb Code     8  sys_exit.o(.text)
    __I$use$semihosting                      0x000048a0   ARM Code       0  use_no_semi.o(.text)
    __use_no_semihosting_swi                 0x000048a0   ARM Code       4  use_no_semi.o(.text)
    Inline Thumb to ARM Veneer to _btod_d2e  0x000048a5   Thumb Code     4  btod.o(CL$$btod_d2e)
    __semihosting_library_function           0x000048a4   ARM Code       0  indicate_semi.o(.text)
    _btod_d2e                                0x000048a8   ARM Code      56  btod.o(CL$$btod_d2e)
    _d2e_denorm_low                          0x000048e0   ARM Code      84  btod.o(CL$$btod_d2e_denorm_low)
    _d2e_norm_op1                            0x00004934   ARM Code     104  btod.o(CL$$btod_d2e_norm_op1)
    __btod_div_common                        0x0000499c   ARM Code     716  btod.o(CL$$btod_div_common)
    _e2e                                     0x00004ce8   ARM Code     220  btod.o(CL$$btod_e2e)
    Inline Thumb to ARM Veneer to _btod_ediv 0x00004dc5   Thumb Code     4  btod.o(CL$$btod_ediv)
    _btod_ediv                               0x00004dc8   ARM Code      52  btod.o(CL$$btod_ediv)
    Inline Thumb to ARM Veneer to _btod_emul 0x00004dfd   Thumb Code     4  btod.o(CL$$btod_emul)
    _btod_emul                               0x00004e00   ARM Code      52  btod.o(CL$$btod_emul)
    __btod_mult_common                       0x00004e34   ARM Code     616  btod.o(CL$$btod_mult_common)
    Long ARM to Thumb Veneer to _printf_int_hex 0x0000509c   ARM Code      12  anon$$obj.o(Veneer$$Code)
    Long ARM to Thumb Veneer to _printf_ll_oct 0x000050a8   ARM Code      12  anon$$obj.o(Veneer$$Code)
    Long ARM to Thumb Veneer to _printf_ll_hex 0x000050b4   ARM Code      12  anon$$obj.o(Veneer$$Code)
    Long ARM to Thumb Veneer to _printf_string 0x000050c0   ARM Code      12  anon$$obj.o(Veneer$$Code)
    Long ARM to Thumb Veneer to _printf_wstring 0x000050cc   ARM Code      12  anon$$obj.o(Veneer$$Code)
    Long ARM to Thumb Veneer to _printf_fp_dec_real 0x000050d8   ARM Code      12  anon$$obj.o(Veneer$$Code)
    __ARM_common_call_via_r1                 0x000050e5   Thumb Code     2  __printf.o(i.__ARM_common_call_via_r1)
    __ARM_common_call_via_r2                 0x000050e7   Thumb Code     2  _printf_wctomb.o(i.__ARM_common_call_via_r2)
    __ARM_common_call_via_r3                 0x000050e9   Thumb Code     2  _wcrtomb.o(i.__ARM_common_call_via_r3)
    Inline Thumb to ARM Veneer to __ARM_fpclassify 0x000050ed   Thumb Code     4  fpclassify.o(i.__ARM_fpclassify)
    __ARM_fpclassify                         0x000050f0   ARM Code      48  fpclassify.o(i.__ARM_fpclassify)
    _is_digit                                0x00005121   Thumb Code    14  __printf_wp.o(i._is_digit)
    Inline Thumb to ARM Veneer to _get_lc_ctype 0x00005131   Thumb Code     4  lc_ctype_c.o(locale$$code)
    _get_lc_ctype                            0x00005134   ARM Code      80  lc_ctype_c.o(locale$$code)
    Inline Thumb to ARM Veneer to _get_lc_numeric 0x00005185   Thumb Code     4  lc_numeric_c.o(locale$$code)
    _get_lc_numeric                          0x00005188   ARM Code      80  lc_numeric_c.o(locale$$code)
    __aeabi_dadd                             0x000051d8   ARM Code       0  daddsub_noclz.o(x$fpl$dadd)
    _dadd                                    0x000051d8   ARM Code     336  daddsub_noclz.o(x$fpl$dadd)
    __aeabi_ddiv                             0x0000532c   ARM Code       0  ddiv.o(x$fpl$ddiv)
    _ddiv                                    0x0000532c   ARM Code     600  ddiv.o(x$fpl$ddiv)
    __aeabi_d2iz                             0x0000560c   ARM Code       0  dfix.o(x$fpl$dfix)
    _dfix                                    0x0000560c   ARM Code     112  dfix.o(x$fpl$dfix)
    __aeabi_i2d                              0x0000567c   ARM Code       0  dflt_noclz.o(x$fpl$dflt)
    _dflt                                    0x0000567c   ARM Code      88  dflt_noclz.o(x$fpl$dflt)
    __dflt_normalise                         0x0000568c   ARM Code       0  dflt_noclz.o(x$fpl$dflt)
    __fpl_dnaninf                            0x000056d4   ARM Code     192  dnaninf.o(x$fpl$dnaninf)
    __fpl_dretinf                            0x00005794   ARM Code      16  dretinf.o(x$fpl$dretinf)
    __aeabi_dsub                             0x000057a4   ARM Code       0  daddsub_noclz.o(x$fpl$dsub)
    _dsub                                    0x000057a4   ARM Code     576  daddsub_noclz.o(x$fpl$dsub)
    Inline Thumb to ARM Veneer to __ieee_status 0x000059e9   Thumb Code     4  istatus.o(x$fpl$ieeestatus)
    __ieee_status                            0x000059ec   ARM Code       8  istatus.o(x$fpl$ieeestatus)
    _printf_fp_dec                           0x000059f4   ARM Code       4  printf1.o(x$fpl$printf1)
    __I$use$fp                               0x000059f8   Number         0  usenofp.o(x$fpl$usenofp)
    Region$$Table$$Base                      0x00005ba8   Number         0  anon$$obj.o(Region$$Table)
    Region$$Table$$Limit                     0x00005bc8   Number         0  anon$$obj.o(Region$$Table)
    __ctype                                  0x00005bd5   Data           0  lc_ctype_c.o(locale$$data)
    download_len                             0x30000000   Data           4  main.o(.data)
    download_addr                            0x30000004   Data           4  main.o(.data)
    MacAddr                                  0x3000000c   Data           6  dm9000dbg.o(.data)
    skb_cur                                  0x30000038   Data           4  skbuff.o(.data)
    client_ip                                0x3000003c   Data           4  tftp.o(.data)
    client_port                              0x30000040   Data           2  tftp.o(.data)
    client_block                             0x30000042   Data           2  tftp.o(.data)
    TftpLoadEnd                              0x30000044   Data           1  tftpmain.o(.data)
    TftpPutBegin                             0x30000045   Data           1  tftpmain.o(.data)
    TftpPutMark                              0x30000046   Data           1  tftpmain.o(.data)
    f_nWhichUart                             0x30000058   Data           4  2410lib.o(.data)
    Image$$RW_ZI$$ZI$$Limit                  0x3000005c   Data           1  2410lib.o(.data)
    nCNT                                     0x30000060   Data           4  sys_init.o(.data)
    skbuff                                   0x30000130   Data        7640  skbuff.o(.bss)
    __libspace_start                         0x30001f08   Data          96  libspace.o(.bss)
    __temporary_stack_top$libspace           0x30001f68   Data           0  libspace.o(.bss)



==============================================================================

Memory Map of the image

  Image Entry point : 0x000001e8

  Load Region LR_ROM1 (Base: 0x00000000, Size: 0x00005d58, Max: 0x00200000, ABSOLUTE)

    Execution Region ER_ROM1 (Base: 0x00000000, Size: 0x00005cf4, Max: 0x00200000, ABSOLUTE)

    Base Addr    Size         Type   Attr      Idx    E Section Name        Object

    0x00000000   0x000001e8   Code   RO            3    RESET               s3c2410a.o
    0x000001e8   0x00000008   Code   RO          332  * !!!main             c_t.l(__main.o)
    0x000001f0   0x0000003c   Code   RO          704    !!!scatter          c_t.l(__scatter.o)
    0x0000022c   0x00000028   Code   RO          706    !!handler_copy      c_t.l(__scatter_copy.o)
    0x00000254   0x0000002c   Code   RO          708    !!handler_zi        c_t.l(__scatter_zi.o)
    0x00000280   0x00000004   Ven    RO          455    .ARM.Collect$$_printf_percent$$00000000  c_t.l(_printf_percent.o)
    0x00000284   0x00000000   Code   RO          455    .ARM.Collect$$_printf_percent$$00000000  c_t.l(_printf_percent.o)
    0x00000284   0x00000008   Code   RO          444    .ARM.Collect$$_printf_percent$$00000001  c_t.l(_printf_n.o)
    0x0000028c   0x00000008   Code   RO          446    .ARM.Collect$$_printf_percent$$00000002  c_t.l(_printf_p.o)
    0x00000294   0x00000008   Code   RO          451    .ARM.Collect$$_printf_percent$$00000003  c_t.l(_printf_f.o)
    0x0000029c   0x00000008   Code   RO          452    .ARM.Collect$$_printf_percent$$00000004  c_t.l(_printf_e.o)
    0x000002a4   0x00000008   Code   RO          453    .ARM.Collect$$_printf_percent$$00000005  c_t.l(_printf_g.o)
    0x000002ac   0x00000008   Code   RO          454    .ARM.Collect$$_printf_percent$$00000006  c_t.l(_printf_a.o)
    0x000002b4   0x0000000c   Code   RO          459    .ARM.Collect$$_printf_percent$$00000007  c_t.l(_printf_ll.o)
    0x000002c0   0x00000008   Code   RO          448    .ARM.Collect$$_printf_percent$$00000008  c_t.l(_printf_i.o)
    0x000002c8   0x00000008   Code   RO          449    .ARM.Collect$$_printf_percent$$00000009  c_t.l(_printf_d.o)
    0x000002d0   0x00000008   Code   RO          450    .ARM.Collect$$_printf_percent$$0000000A  c_t.l(_printf_u.o)
    0x000002d8   0x00000008   Code   RO          447    .ARM.Collect$$_printf_percent$$0000000B  c_t.l(_printf_o.o)
    0x000002e0   0x00000008   Code   RO          445    .ARM.Collect$$_printf_percent$$0000000C  c_t.l(_printf_x.o)
    0x000002e8   0x00000008   Code   RO          456    .ARM.Collect$$_printf_percent$$0000000D  c_t.l(_printf_lli.o)
    0x000002f0   0x00000008   Code   RO          457    .ARM.Collect$$_printf_percent$$0000000E  c_t.l(_printf_lld.o)
    0x000002f8   0x00000008   Code   RO          458    .ARM.Collect$$_printf_percent$$0000000F  c_t.l(_printf_llu.o)
    0x00000300   0x00000008   Code   RO          463    .ARM.Collect$$_printf_percent$$00000010  c_t.l(_printf_llo.o)
    0x00000308   0x00000008   Code   RO          464    .ARM.Collect$$_printf_percent$$00000011  c_t.l(_printf_llx.o)
    0x00000310   0x0000000c   Code   RO          460    .ARM.Collect$$_printf_percent$$00000012  c_t.l(_printf_l.o)
    0x0000031c   0x00000008   Code   RO          442    .ARM.Collect$$_printf_percent$$00000013  c_t.l(_printf_c.o)
    0x00000324   0x00000008   Code   RO          443    .ARM.Collect$$_printf_percent$$00000014  c_t.l(_printf_s.o)
    0x0000032c   0x00000008   Code   RO          461    .ARM.Collect$$_printf_percent$$00000015  c_t.l(_printf_lc.o)
    0x00000334   0x00000008   Code   RO          462    .ARM.Collect$$_printf_percent$$00000016  c_t.l(_printf_ls.o)
    0x0000033c   0x00000008   Code   RO          517    .ARM.Collect$$_printf_percent$$00000017  c_t.l(_printf_percent_end.o)
    0x00000344   0x00000008   Ven    RO          622    .ARM.Collect$$libinit$$00000000  c_t.l(libinit.o)
    0x0000034c   0x00000002   Code   RO          622    .ARM.Collect$$libinit$$00000000  c_t.l(libinit.o)
    0x0000034e   0x00000000   Code   RO          533    .ARM.Collect$$libinit$$00000002  c_t.l(libinit2.o)
    0x0000034e   0x00000000   Code   RO          536    .ARM.Collect$$libinit$$00000008  c_t.l(libinit2.o)
    0x0000034e   0x00000000   Code   RO          538    .ARM.Collect$$libinit$$0000000A  c_t.l(libinit2.o)
    0x0000034e   0x00000000   Code   RO          540    .ARM.Collect$$libinit$$0000000C  c_t.l(libinit2.o)
    0x0000034e   0x00000006   Code   RO          541    .ARM.Collect$$libinit$$0000000D  c_t.l(libinit2.o)
    0x00000354   0x00000000   Code   RO          543    .ARM.Collect$$libinit$$0000000F  c_t.l(libinit2.o)
    0x00000354   0x0000000c   Code   RO          544    .ARM.Collect$$libinit$$00000010  c_t.l(libinit2.o)
    0x00000360   0x00000000   Code   RO          545    .ARM.Collect$$libinit$$00000011  c_t.l(libinit2.o)
    0x00000360   0x00000000   Code   RO          547    .ARM.Collect$$libinit$$00000013  c_t.l(libinit2.o)
    0x00000360   0x0000000a   Code   RO          548    .ARM.Collect$$libinit$$00000014  c_t.l(libinit2.o)
    0x0000036a   0x00000000   Code   RO          549    .ARM.Collect$$libinit$$00000015  c_t.l(libinit2.o)
    0x0000036a   0x00000000   Code   RO          551    .ARM.Collect$$libinit$$00000017  c_t.l(libinit2.o)
    0x0000036a   0x00000000   Code   RO          553    .ARM.Collect$$libinit$$00000019  c_t.l(libinit2.o)
    0x0000036a   0x00000000   Code   RO          555    .ARM.Collect$$libinit$$0000001B  c_t.l(libinit2.o)
    0x0000036a   0x00000000   Code   RO          557    .ARM.Collect$$libinit$$0000001D  c_t.l(libinit2.o)
    0x0000036a   0x00000000   Code   RO          559    .ARM.Collect$$libinit$$0000001F  c_t.l(libinit2.o)
    0x0000036a   0x00000000   Code   RO          561    .ARM.Collect$$libinit$$00000021  c_t.l(libinit2.o)
    0x0000036a   0x00000000   Code   RO          563    .ARM.Collect$$libinit$$00000023  c_t.l(libinit2.o)
    0x0000036a   0x00000000   Code   RO          567    .ARM.Collect$$libinit$$0000002A  c_t.l(libinit2.o)
    0x0000036a   0x00000000   Code   RO          569    .ARM.Collect$$libinit$$0000002C  c_t.l(libinit2.o)
    0x0000036a   0x00000000   Code   RO          571    .ARM.Collect$$libinit$$0000002E  c_t.l(libinit2.o)
    0x0000036a   0x00000000   Code   RO          573    .ARM.Collect$$libinit$$00000030  c_t.l(libinit2.o)
    0x0000036a   0x0000000c   Code   RO          574    .ARM.Collect$$libinit$$00000031  c_t.l(libinit2.o)
    0x00000376   0x00000002   PAD
    0x00000378   0x00000008   Ven    RO          673    .ARM.Collect$$libshutdown$$00000000  c_t.l(libshutdown.o)
    0x00000380   0x00000004   Code   RO          673    .ARM.Collect$$libshutdown$$00000000  c_t.l(libshutdown.o)
    0x00000384   0x00000000   Code   RO          690    .ARM.Collect$$libshutdown$$00000003  c_t.l(libshutdown2.o)
    0x00000384   0x00000000   Code   RO          693    .ARM.Collect$$libshutdown$$00000006  c_t.l(libshutdown2.o)
    0x00000384   0x00000000   Code   RO          696    .ARM.Collect$$libshutdown$$00000009  c_t.l(libshutdown2.o)
    0x00000384   0x00000000   Code   RO          698    .ARM.Collect$$libshutdown$$0000000B  c_t.l(libshutdown2.o)
    0x00000384   0x00000000   Code   RO          701    .ARM.Collect$$libshutdown$$0000000E  c_t.l(libshutdown2.o)
    0x00000384   0x00000006   Code   RO          702    .ARM.Collect$$libshutdown$$0000000F  c_t.l(libshutdown2.o)
    0x0000038a   0x00000002   PAD
    0x0000038c   0x00000000   Code   RO          352    .ARM.Collect$$rtentry$$00000000  c_t.l(rtentry.o)
    0x0000038c   0x00000000   Code   RO          485    .ARM.Collect$$rtentry$$00000002  c_t.l(rtentry2.o)
    0x0000038c   0x00000008   Code   RO          497    .ARM.Collect$$rtentry$$00000004  c_t.l(rtentry4.o)
    0x00000394   0x00000000   Code   RO          487    .ARM.Collect$$rtentry$$00000009  c_t.l(rtentry2.o)
    0x00000394   0x00000004   Code   RO          488    .ARM.Collect$$rtentry$$0000000A  c_t.l(rtentry2.o)
    0x00000398   0x00000000   Code   RO          490    .ARM.Collect$$rtentry$$0000000C  c_t.l(rtentry2.o)
    0x00000398   0x00000028   Code   RO          491    .ARM.Collect$$rtentry$$0000000D  c_t.l(rtentry2.o)
    0x000003c0   0x00000004   Ven    RO          629    .ARM.Collect$$rtexit$$00000000  c_t.l(rtexit.o)
    0x000003c4   0x00000004   Code   RO          629    .ARM.Collect$$rtexit$$00000000  c_t.l(rtexit.o)
    0x000003c8   0x00000000   Code   RO          646    .ARM.Collect$$rtexit$$00000002  c_t.l(rtexit2.o)
    0x000003c8   0x00000004   Code   RO          647    .ARM.Collect$$rtexit$$00000003  c_t.l(rtexit2.o)
    0x000003cc   0x00000008   Code   RO          648    .ARM.Collect$$rtexit$$00000004  c_t.l(rtexit2.o)
    0x000003d4   0x00000024   Code   RO            4    .text               s3c2410a.o
    0x000003f8   0x00000090   Code   RO           11    .text               main.o
    0x00000488   0x000003e0   Code   RO           46    .text               arp.o
    0x00000868   0x00000da4   Code   RO           73    .text               dm9000dbg.o
    0x0000160c   0x000000d4   Code   RO           91    .text               eth.o
    0x000016e0   0x00000124   Code   RO          103    .text               icmp.o
    0x00001804   0x00000298   Code   RO          123    .text               ip.o
    0x00001a9c   0x00000124   Code   RO          140    .text               skbuff.o
    0x00001bc0   0x000002cc   Code   RO          156    .text               tftp.o
    0x00001e8c   0x0000038c   Code   RO          177    .text               tftpmain.o
    0x00002218   0x00000138   Code   RO          196    .text               tftpput.o
    0x00002350   0x00000130   Code   RO          211    .text               udp.o
    0x00002480   0x00000b00   Code   RO          223    .text               2410lib.o
    0x00002f80   0x00000474   Code   RO          273    .text               sys_init.o
    0x000033f4   0x00000004   Ven    RO          298    .text               c_t.l(rt_ctype_table.o)
    0x000033f8   0x00000018   Code   RO          298    .text               c_t.l(rt_ctype_table.o)
    0x00003410   0x00000008   Ven    RO          300    .text               c_t.l(c89vsprintf.o)
    0x00003418   0x00000028   Code   RO          300    .text               c_t.l(c89vsprintf.o)
    0x00003440   0x00000008   Ven    RO          302    .text               c_t.l(atoi.o)
    0x00003448   0x0000001e   Code   RO          302    .text               c_t.l(atoi.o)
    0x00003466   0x00000002   PAD
    0x00003468   0x00000008   Ven    RO          304    .text               c_t.l(strlen.o)
    0x00003470   0x00000044   Code   RO          304    .text               c_t.l(strlen.o)
    0x000034b4   0x00000010   Code   RO          306    .text               c_t.l(memcpy.o)
    0x000034c4   0x00000020   Code   RO          308    .text               c_t.l(memset.o)
    0x000034e4   0x00000020   Code   RO          310    .text               c_t.l(uread4.o)
    0x00003504   0x00000020   Code   RO          312    .text               c_t.l(uwrite4.o)
    0x00003524   0x00000004   Ven    RO          314    .text               c_t.l(aeabi_sdiv.o)
    0x00003528   0x00000180   Code   RO          314    .text               c_t.l(aeabi_sdiv.o)
    0x000036a8   0x00000006   Code   RO          330    .text               c_t.l(heapauxi.o)
    0x000036ae   0x00000002   PAD
    0x000036b0   0x00000004   Ven    RO          360    .text               c_t.l(rt_locale_intlibspace.o)
    0x000036b4   0x0000000c   Code   RO          360    .text               c_t.l(rt_locale_intlibspace.o)
    0x000036c0   0x00000004   Ven    RO          365    .text               c_t.l(rt_errno_addr_intlibspace.o)
    0x000036c4   0x0000000c   Code   RO          365    .text               c_t.l(rt_errno_addr_intlibspace.o)
    0x000036d0   0x00000056   Code   RO          373    .text               c_t.l(_printf_pad.o)
    0x00003726   0x0000002c   Code   RO          375    .text               c_t.l(_printf_truncate.o)
    0x00003752   0x00000058   Code   RO          377    .text               c_t.l(_printf_str.o)
    0x000037aa   0x00000002   PAD
    0x000037ac   0x00000008   Ven    RO          379    .text               c_t.l(_printf_dec.o)
    0x000037b4   0x00000070   Code   RO          379    .text               c_t.l(_printf_dec.o)
    0x00003824   0x00000008   Ven    RO          381    .text               c_t.l(_printf_charcount.o)
    0x0000382c   0x00000028   Code   RO          381    .text               c_t.l(_printf_charcount.o)
    0x00003854   0x00000030   Code   RO          383    .text               c_t.l(_printf_char_common.o)
    0x00003884   0x0000000a   Code   RO          385    .text               c_t.l(_sputc.o)
    0x0000388e   0x00000002   PAD
    0x00003890   0x000000c0   Code   RO          387    .text               c_t.l(_printf_wctomb.o)
    0x00003950   0x00000008   Ven    RO          393    .text               c_t.l(_printf_longlong_dec.o)
    0x00003958   0x00000074   Code   RO          393    .text               c_t.l(_printf_longlong_dec.o)
    0x000039cc   0x00000008   Ven    RO          399    .text               c_t.l(_printf_oct_int_ll.o)
    0x000039d4   0x00000078   Code   RO          399    .text               c_t.l(_printf_oct_int_ll.o)
    0x00003a4c   0x00000008   Ven    RO          419    .text               c_t.l(_printf_hex_int_ll_ptr.o)
    0x00003a54   0x000000a0   Code   RO          419    .text               c_t.l(_printf_hex_int_ll_ptr.o)
    0x00003af4   0x0000019c   Code   RO          439    .text               c_t.l(__printf_flags_ss_wp.o)
    0x00003c90   0x00000074   Code   RO          465    .text               c_t.l(strtol.o)
    0x00003d04   0x000000d4   Code   RO          470    .text               c_t.l(rt_memcpy.o)
    0x00003dd8   0x00000040   Code   RO          472    .text               c_t.l(rt_memclr.o)
    0x00003e18   0x0000000c   Code   RO          481    .text               c_t.l(libspace.o)
    0x00003e24   0x00000004   Ven    RO          501    .text               c_t.l(lludiv10.o)
    0x00003e28   0x000000a0   Code   RO          501    .text               c_t.l(lludiv10.o)
    0x00003ec8   0x000000ba   Code   RO          503    .text               c_t.l(_printf_intcommon.o)
    0x00003f82   0x00000002   PAD
    0x00003f84   0x00000420   Code   RO          505    .text               c_t.l(_printf_fp_dec.o)
    0x000043a4   0x00000008   Ven    RO          513    .text               c_t.l(_printf_char.o)
    0x000043ac   0x00000032   Code   RO          513    .text               c_t.l(_printf_char.o)
    0x000043de   0x00000002   PAD
    0x000043e0   0x00000008   Ven    RO          515    .text               c_t.l(_printf_wchar.o)
    0x000043e8   0x00000032   Code   RO          515    .text               c_t.l(_printf_wchar.o)
    0x0000441a   0x000000ac   Code   RO          518    .text               c_t.l(_strtoul.o)
    0x000044c6   0x0000004a   Code   RO          520    .text               c_t.l(_wcrtomb.o)
    0x00004510   0x00000064   Code   RO          524    .text               c_t.l(rt_memcpy_w.o)
    0x00004574   0x00000054   Code   RO          526    .text               c_t.l(rt_memclr_w.o)
    0x000045c8   0x000000a0   Code   RO          528    .text               c_t.l(strcmp.o)
    0x00004668   0x00000004   Ven    RO          530    .text               c_t.l(rtudiv10.o)
    0x0000466c   0x0000002c   Code   RO          530    .text               c_t.l(rtudiv10.o)
    0x00004698   0x00000060   Code   RO          575    .text               c_t.l(sys_stackheap_outer.o)
    0x000046f8   0x00000090   Code   RO          577    .text               c_t.l(_printf_fp_infnan.o)
    0x00004788   0x0000001e   Code   RO          579    .text               c_t.l(_chval.o)
    0x000047a6   0x00000002   PAD
    0x000047a8   0x000000d8   Code   RO          581    .text               c_t.l(bigflt0.o)
    0x00004880   0x0000000c   Code   RO          609    .text               c_t.l(exit.o)
    0x0000488c   0x00000008   Ven    RO          643    .text               c_t.l(sys_exit.o)
    0x00004894   0x0000000c   Code   RO          643    .text               c_t.l(sys_exit.o)
    0x000048a0   0x00000004   Code   RO          664    .text               c_t.l(use_no_semi.o)
    0x000048a4   0x00000000   Code   RO          666    .text               c_t.l(indicate_semi.o)
    0x000048a4   0x00000004   Ven    RO          584    CL$$btod_d2e        c_t.l(btod.o)
    0x000048a8   0x00000038   Code   RO          584    CL$$btod_d2e        c_t.l(btod.o)
    0x000048e0   0x00000054   Code   RO          586    CL$$btod_d2e_denorm_low  c_t.l(btod.o)
    0x00004934   0x00000068   Code   RO          585    CL$$btod_d2e_norm_op1  c_t.l(btod.o)
    0x0000499c   0x0000034c   Code   RO          594    CL$$btod_div_common  c_t.l(btod.o)
    0x00004ce8   0x000000dc   Code   RO          591    CL$$btod_e2e        c_t.l(btod.o)
    0x00004dc4   0x00000004   Ven    RO          588    CL$$btod_ediv       c_t.l(btod.o)
    0x00004dc8   0x00000034   Code   RO          588    CL$$btod_ediv       c_t.l(btod.o)
    0x00004dfc   0x00000004   Ven    RO          587    CL$$btod_emul       c_t.l(btod.o)
    0x00004e00   0x00000034   Code   RO          587    CL$$btod_emul       c_t.l(btod.o)
    0x00004e34   0x00000268   Code   RO          593    CL$$btod_mult_common  c_t.l(btod.o)
    0x0000509c   0x0000000c   Ven    RO          738    Veneer$$Code        anon$$obj.o
    0x000050a8   0x0000000c   Ven    RO          739    Veneer$$Code        anon$$obj.o
    0x000050b4   0x0000000c   Ven    RO          740    Veneer$$Code        anon$$obj.o
    0x000050c0   0x0000000c   Ven    RO          741    Veneer$$Code        anon$$obj.o
    0x000050cc   0x0000000c   Ven    RO          742    Veneer$$Code        anon$$obj.o
    0x000050d8   0x0000000c   Ven    RO          743    Veneer$$Code        anon$$obj.o
    0x000050e4   0x00000002   Code   RO          371    i.__ARM_common_call_via_r1  c_t.l(__printf.o)
    0x000050e6   0x00000002   Code   RO          391    i.__ARM_common_call_via_r2  c_t.l(_printf_wctomb.o)
    0x000050e8   0x00000002   Code   RO          522    i.__ARM_common_call_via_r3  c_t.l(_wcrtomb.o)
    0x000050ea   0x00000002   PAD
    0x000050ec   0x00000004   Ven    RO          627    i.__ARM_fpclassify  m_ts.l(fpclassify.o)
    0x000050f0   0x00000030   Code   RO          627    i.__ARM_fpclassify  m_ts.l(fpclassify.o)
    0x00005120   0x0000000e   Code   RO          432    i._is_digit         c_t.l(__printf_wp.o)
    0x0000512e   0x00000002   PAD
    0x00005130   0x00000004   Ven    RO          468    locale$$code        c_t.l(lc_ctype_c.o)
    0x00005134   0x00000050   Code   RO          468    locale$$code        c_t.l(lc_ctype_c.o)
    0x00005184   0x00000004   Ven    RO          607    locale$$code        c_t.l(lc_numeric_c.o)
    0x00005188   0x00000050   Code   RO          607    locale$$code        c_t.l(lc_numeric_c.o)
    0x000051d8   0x00000154   Code   RO          334    x$fpl$dadd          fz_ts.l(daddsub_noclz.o)
    0x0000532c   0x000002e0   Code   RO          341    x$fpl$ddiv          fz_ts.l(ddiv.o)
    0x0000560c   0x00000070   Code   RO          344    x$fpl$dfix          fz_ts.l(dfix.o)
    0x0000567c   0x00000058   Code   RO          349    x$fpl$dflt          fz_ts.l(dflt_noclz.o)
    0x000056d4   0x000000c0   Code   RO          474    x$fpl$dnaninf       fz_ts.l(dnaninf.o)
    0x00005794   0x00000010   Code   RO          476    x$fpl$dretinf       fz_ts.l(dretinf.o)
    0x000057a4   0x00000244   Code   RO          336    x$fpl$dsub          fz_ts.l(daddsub_noclz.o)
    0x000059e8   0x00000004   Ven    RO          625    x$fpl$ieeestatus    fz_ts.l(istatus.o)
    0x000059ec   0x00000008   Code   RO          625    x$fpl$ieeestatus    fz_ts.l(istatus.o)
    0x000059f4   0x00000004   Code   RO          478    x$fpl$printf1       fz_ts.l(printf1.o)
    0x000059f8   0x00000000   Code   RO          480    x$fpl$usenofp       fz_ts.l(usenofp.o)
    0x000059f8   0x000000d8   Data   RO          274    .constdata          sys_init.o
    0x00005ad0   0x00000008   Data   RO          388    .constdata          c_t.l(_printf_wctomb.o)
    0x00005ad8   0x00000028   Data   RO          420    .constdata          c_t.l(_printf_hex_int_ll_ptr.o)
    0x00005b00   0x00000011   Data   RO          440    .constdata          c_t.l(__printf_flags_ss_wp.o)
    0x00005b11   0x00000003   PAD
    0x00005b14   0x00000094   Data   RO          582    .constdata          c_t.l(bigflt0.o)
    0x00005ba8   0x00000020   Data   RO          703    Region$$Table       anon$$obj.o
    0x00005bc8   0x00000110   Data   RO          467    locale$$data        c_t.l(lc_ctype_c.o)
    0x00005cd8   0x0000001c   Data   RO          606    locale$$data        c_t.l(lc_numeric_c.o)


    Execution Region RW_RAM1 (Base: 0x30000000, Size: 0x00010768, Max: 0x04000000, ABSOLUTE)

    Base Addr    Size         Type   Attr      Idx    E Section Name        Object

    0x30000000   0x00000008   Data   RW           12    .data               main.o
    0x30000008   0x00000004   Data   RW           48    .data               arp.o
    0x3000000c   0x0000001f   Data   RW           74    .data               dm9000dbg.o
    0x3000002b   0x00000001   PAD
    0x3000002c   0x00000004   Data   RW          104    .data               icmp.o
    0x30000030   0x00000006   Data   RW          124    .data               ip.o
    0x30000036   0x00000002   PAD
    0x30000038   0x00000004   Data   RW          142    .data               skbuff.o
    0x3000003c   0x00000008   Data   RW          157    .data               tftp.o
    0x30000044   0x00000003   Data   RW          178    .data               tftpmain.o
    0x30000047   0x00000001   PAD
    0x30000048   0x0000000c   Data   RW          197    .data               tftpput.o
    0x30000054   0x00000009   Data   RW          224    .data               2410lib.o
    0x3000005d   0x00000003   PAD
    0x30000060   0x00000004   Data   RW          275    .data               sys_init.o
    0x30000064   0x000000cc   Zero   RW           47    .bss                arp.o
    0x30000130   0x00001dd8   Zero   RW          141    .bss                skbuff.o
    0x30001f08   0x00000060   Zero   RW          482    .bss                c_t.l(libspace.o)
    0x30001f68   0x00004800   Zero   RW            2    HEAP                s3c2410a.o
    0x30006768   0x0000a000   Zero   RW            1    STACK               s3c2410a.o


==============================================================================

Image component sizes


      Code (inc. data)   RO Data    RW Data    ZI Data      Debug   Object Name

      2816        104          0          9          0       7940   2410lib.o
       992         24          0          4        204       5477   arp.o
      3492        704          0         31          0       6601   dm9000dbg.o
       212          0          0          0          0       1629   eth.o
       292          8          0          4          0       2270   icmp.o
       664         12          0          6          0       2725   ip.o
       144         56          0          8          0       2080   main.o
       524        212          0          0      59392        484   s3c2410a.o
       292         16          0          4       7640       2172   skbuff.o
      1140        244        216          4          0       2092   sys_init.o
       716         44          0          8          0       2692   tftp.o
       908        244          0          3          0       2725   tftpmain.o
       312         32          0         12          0       2067   tftpput.o
       304          0          0          0          0       1763   udp.o

    ----------------------------------------------------------------------
     12880       1724        248        100      67236      42717   Object Totals
        72         24         32          0          0          0   (incl. Generated)
         0          0          0          7          0          0   (incl. Padding)

    ----------------------------------------------------------------------

      Code (inc. data)   RO Data    RW Data    ZI Data      Debug   Library Member Name

         8          0          0          0          0         68   __main.o
         2          0          0          0          0         60   __printf.o
       412          6         17          0          0         92   __printf_flags_ss_wp.o
        14          0          0          0          0         60   __printf_wp.o
        60          8          0          0          0          0   __scatter.o
        40          0          0          0          0          0   __scatter_copy.o
        44          0          0          0          0          0   __scatter_zi.o
        30          0          0          0          0         60   _chval.o
         8          0          0          0          0          0   _printf_a.o
         8          0          0          0          0          0   _printf_c.o
        58          0          0          0          0        112   _printf_char.o
        48          4          0          0          0         96   _printf_char_common.o
        48          0          0          0          0         60   _printf_charcount.o
         8          0          0          0          0          0   _printf_d.o
       120         18          0          0          0         88   _printf_dec.o
         8          0          0          0          0          0   _printf_e.o
         8          0          0          0          0          0   _printf_f.o
      1056         14          0          0          0        188   _printf_fp_dec.o
       144         16          0          0          0         88   _printf_fp_infnan.o
         8          0          0          0          0          0   _printf_g.o
       168          4         40          0          0        176   _printf_hex_int_ll_ptr.o
         8          0          0          0          0          0   _printf_i.o
       186          0          0          0          0         96   _printf_intcommon.o
        12          0          0          0          0          0   _printf_l.o
         8          0          0          0          0          0   _printf_lc.o
        12          0          0          0          0          0   _printf_ll.o
         8          0          0          0          0          0   _printf_lld.o
         8          0          0          0          0          0   _printf_lli.o
         8          0          0          0          0          0   _printf_llo.o
         8          0          0          0          0          0   _printf_llu.o
         8          0          0          0          0          0   _printf_llx.o
       124         18          0          0          0         88   _printf_longlong_dec.o
         8          0          0          0          0          0   _printf_ls.o
         8          0          0          0          0          0   _printf_n.o
         8          0          0          0          0          0   _printf_o.o
       128         10          0          0          0        136   _printf_oct_int_ll.o
         8          0          0          0          0          0   _printf_p.o
        86          0          0          0          0        116   _printf_pad.o
         4          0          0          0          0          0   _printf_percent.o
         8          0          0          0          0          0   _printf_percent_end.o
         8          0          0          0          0          0   _printf_s.o
        88          0          0          0          0         84   _printf_str.o
        44          0          0          0          0         76   _printf_truncate.o
         8          0          0          0          0          0   _printf_u.o
        58          0          0          0          0        112   _printf_wchar.o
       194          4          8          0          0        156   _printf_wctomb.o
         8          0          0          0          0          0   _printf_x.o
        10          0          0          0          0         60   _sputc.o
       172          0          0          0          0         96   _strtoul.o
        76          0          0          0          0        148   _wcrtomb.o
       388          0          0          0          0         80   aeabi_sdiv.o
        38          0          0          0          0         84   atoi.o
       216          6        148          0          0         96   bigflt0.o
      2040        128          0          0          0        696   btod.o
        48          4          0          0          0         80   c89vsprintf.o
        12          0          0          0          0         64   exit.o
         6          0          0          0          0        136   heapauxi.o
         0          0          0          0          0          0   indicate_semi.o
        84          8        272          0          0         92   lc_ctype_c.o
        84          8         28          0          0         92   lc_numeric_c.o
        10          0          0          0          0          0   libinit.o
        40          0          0          0          0          0   libinit2.o
        12          0          0          0          0          0   libshutdown.o
         6          0          0          0          0          0   libshutdown2.o
        12          4          0          0         96         68   libspace.o
       164          0          0          0          0         96   lludiv10.o
        16          0          0          0          0         80   memcpy.o
        32          0          0          0          0         80   memset.o
        28          4          0          0          0         84   rt_ctype_table.o
        16          4          0          0          0         68   rt_errno_addr_intlibspace.o
        16          4          0          0          0         68   rt_locale_intlibspace.o
        64          0          0          0          0         68   rt_memclr.o
        84          0          0          0          0         80   rt_memclr_w.o
       212          0          0          0          0         68   rt_memcpy.o
       100          0          0          0          0         80   rt_memcpy_w.o
         0          0          0          0          0          0   rtentry.o
        44          4          0          0          0          0   rtentry2.o
         8          0          0          0          0          0   rtentry4.o
         8          0          0          0          0          0   rtexit.o
        12          0          0          0          0          0   rtexit2.o
        48          0          0          0          0         68   rtudiv10.o
       160          4          0          0          0         80   strcmp.o
        76          4          0          0          0         76   strlen.o
       116          4          0          0          0         92   strtol.o
        20          4          0          0          0         60   sys_exit.o
        96          0          0          0          0         80   sys_stackheap_outer.o
        32          0          0          0          0         68   uread4.o
         4          0          0          0          0         68   use_no_semi.o
        32          0          0          0          0         68   uwrite4.o
       920         16          0          0          0        296   daddsub_noclz.o
       736        140          0          0          0        232   ddiv.o
       112          4          0          0          0         92   dfix.o
        88          0          0          0          0         68   dflt_noclz.o
       192          0          0          0          0        108   dnaninf.o
        16          0          0          0          0         68   dretinf.o
        12          0          0          0          0         68   istatus.o
         4          0          0          0          0         68   printf1.o
         0          0          0          0          0          0   usenofp.o
        52          0          0          0          0         68   fpclassify.o

    ----------------------------------------------------------------------
     10152        452        516          0         96       6304   Library Totals
        22          0          3          0          0          0   (incl. Padding)

    ----------------------------------------------------------------------

      Code (inc. data)   RO Data    RW Data    ZI Data      Debug   Library Name

      7998        292        513          0         96       5236   c_t.l
      2080        160          0          0          0       1000   fz_ts.l
        52          0          0          0          0         68   m_ts.l

    ----------------------------------------------------------------------
     10152        452        516          0         96       6304   Library Totals

    ----------------------------------------------------------------------

==============================================================================


      Code (inc. data)   RO Data    RW Data    ZI Data      Debug   

     23032       2176        764        100      67332      44493   Grand Totals
     23032       2176        764        100      67332      44493   ELF Image Totals
     23032       2176        764        100          0          0   ROM Totals

==============================================================================

    Total RO  Size (Code + RO Data)                23796 (  23.24kB)
    Total RW  Size (RW Data + ZI Data)             67432 (  65.85kB)
    Total ROM Size (Code + RO Data + RW Data)      23896 (  23.34kB)

==============================================================================

