ARM Linker, 5.03 [Build 24] [MDK-ARM Standard]

==============================================================================

Section Cross References

    s3c2410a.o(STACK) refers (Special) to heapauxi.o(.text) for __use_two_region_memory
    s3c2410a.o(HEAP) refers (Special) to heapauxi.o(.text) for __use_two_region_memory
    s3c2410a.o(RESET) refers (Special) to heapauxi.o(.text) for __use_two_region_memory
    s3c2410a.o(RESET) refers to 2410lib.o(.text) for InitMMU
    s3c2410a.o(RESET) refers to s3c2410a.o(STACK) for Stack_Top
    s3c2410a.o(RESET) refers to __main.o(!!!main) for __main
    s3c2410a.o(.text) refers (Special) to heapauxi.o(.text) for __use_two_region_memory
    s3c2410a.o(.text) refers to s3c2410a.o(HEAP) for Heap_Mem
    s3c2410a.o(.text) refers to s3c2410a.o(STACK) for Stack_Mem
    main.o(.text) refers to sys_init.o(.text) for sys_init
    main.o(.text) refers to 2410lib.o(.text) for change_value_MPLL
    main.o(.text) refers to tftpmain.o(.text) for NetLoadFile
    arp.o(.text) refers to memset.o(.text) for memset
    arp.o(.text) refers to memcpy.o(.text) for memcpy
    arp.o(.text) refers to tftpmain.o(.text) for htonl
    arp.o(.text) refers to skbuff.o(.text) for alloc_skb
    arp.o(.text) refers to eth.o(.text) for eth_skb_reserve
    arp.o(.text) refers to uwrite4.o(.text) for __aeabi_uwrite4
    arp.o(.text) refers to uread4.o(.text) for __aeabi_uread4
    arp.o(.text) refers to arp.o(.bss) for arp_entrys
    arp.o(.text) refers to arp.o(.data) for arp_chche_cur
    dm9000dbg.o(.text) refers to 2410lib.o(.text) for uart_printf
    dm9000dbg.o(.text) refers to dm9000dbg.o(.data) for dwEthernetIOBase
    dm9000dbg.o(.text) refers to memcpy.o(.text) for memcpy
    eth.o(.text) refers to dm9000dbg.o(.text) for DM9000DBG_Init
    eth.o(.text) refers to skbuff.o(.text) for skb_push
    eth.o(.text) refers to memcpy.o(.text) for memcpy
    eth.o(.text) refers to tftpmain.o(.text) for htons
    icmp.o(.text) refers to skbuff.o(.text) for alloc_skb
    icmp.o(.text) refers to ip.o(.text) for ip_skb_reserve
    icmp.o(.text) refers to icmp.o(.data) for client_ip
    ip.o(.text) refers to uread4.o(.text) for __aeabi_uread4
    ip.o(.text) refers to tftpmain.o(.text) for ntohl
    ip.o(.text) refers to skbuff.o(.text) for skb_pull
    ip.o(.text) refers to udp.o(.text) for udp_rcv_packet
    ip.o(.text) refers to icmp.o(.text) for icmp_rcv_packet
    ip.o(.text) refers to arp.o(.text) for arp_get_eth_addr
    ip.o(.text) refers to uwrite4.o(.text) for __aeabi_uwrite4
    ip.o(.text) refers to eth.o(.text) for eth_send
    ip.o(.text) refers to ip.o(.data) for local_ip
    skbuff.o(.text) refers to memset.o(.text) for memset
    skbuff.o(.text) refers to skbuff.o(.data) for skb_cur
    skbuff.o(.text) refers to skbuff.o(.bss) for skbuff
    tftp.o(.text) refers to skbuff.o(.text) for alloc_skb
    tftp.o(.text) refers to udp.o(.text) for udp_skb_reserve
    tftp.o(.text) refers to tftpmain.o(.text) for htons
    tftp.o(.text) refers to ip.o(.text) for ip_get_source_ip
    tftp.o(.text) refers to tftpput.o(.text) for tftp_put_begin
    tftp.o(.text) refers to 2410lib.o(.text) for uart_printf
    tftp.o(.text) refers to tftp.o(.data) for client_port
    tftpmain.o(.text) refers to skbuff.o(.text) for alloc_skb
    tftpmain.o(.text) refers to eth.o(.text) for eth_rcv
    tftpmain.o(.text) refers to arp.o(.text) for arp_rcv_packet
    tftpmain.o(.text) refers to ip.o(.text) for ip_rcv_packet
    tftpmain.o(.text) refers to 2410lib.o(.text) for uart_printf
    tftpmain.o(.text) refers to udp.o(.text) for udp_init
    tftpmain.o(.text) refers to tftpmain.o(.data) for g_nYear
    tftpmain.o(.data) refers to tftpmain.o(.conststring) for .conststring
    tftpput.o(.text) refers to memcpy.o(.text) for memcpy
    tftpput.o(.text) refers to main.o(.data) for download_addr
    tftpput.o(.text) refers to tftpput.o(.data) for buf
    tftpput.o(.text) refers to tftpmain.o(.data) for TftpPutBegin
    udp.o(.text) refers to tftpmain.o(.text) for ntohs
    udp.o(.text) refers to skbuff.o(.text) for skb_pull
    udp.o(.text) refers to tftp.o(.text) for tftp_rcv_packet
    udp.o(.text) refers to ip.o(.text) for ip_send
    2410lib.o(.text) refers to dflt_noclz.o(x$fpl$dflt) for __aeabi_i2d
    2410lib.o(.text) refers to ddiv.o(x$fpl$ddiv) for __aeabi_ddiv
    2410lib.o(.text) refers to daddsub_noclz.o(x$fpl$dadd) for __aeabi_dadd
    2410lib.o(.text) refers to dfix.o(x$fpl$dfix) for __aeabi_d2iz
    2410lib.o(.text) refers to aeabi_sdiv.o(.text) for __aeabi_idivmod
    2410lib.o(.text) refers to c89vsprintf.o(.text) for __c89vsprintf
    2410lib.o(.text) refers to strlen.o(.text) for strlen
    2410lib.o(.text) refers to atoi.o(.text) for atoi
    2410lib.o(.text) refers to rt_ctype_table.o(.text) for __rt_ctype_table
    2410lib.o(.text) refers to 2410lib.o(.data) for delayLoopCount
    sys_init.o(.text) refers to 2410lib.o(.text) for uart_printf
[...]
    .ARM.Collect$$_printf_percent$$00000006  0x300002c0   Section        8  _printf_a.o(.ARM.Collect$$_printf_percent$$00000006)
    .ARM.Collect$$_printf_percent$$00000007  0x300002c8   Section       12  _printf_ll.o(.ARM.Collect$$_printf_percent$$00000007)
    .ARM.Collect$$_printf_percent$$00000008  0x300002d4   Section        8  _printf_i.o(.ARM.Collect$$_printf_percent$$00000008)
    .ARM.Collect$$_printf_percent$$00000009  0x300002dc   Section        8  _printf_d.o(.ARM.Collect$$_printf_percent$$00000009)
    .ARM.Collect$$_printf_percent$$0000000A  0x300002e4   Section        8  _printf_u.o(.ARM.Collect$$_printf_percent$$0000000A)
    .ARM.Collect$$_printf_percent$$0000000B  0x300002ec   Section        8  _printf_o.o(.ARM.Collect$$_printf_percent$$0000000B)
    .ARM.Collect$$_printf_percent$$0000000C  0x300002f4   Section        8  _printf_x.o(.ARM.Collect$$_printf_percent$$0000000C)
    .ARM.Collect$$_printf_percent$$0000000D  0x300002fc   Section        8  _printf_lli.o(.ARM.Collect$$_printf_percent$$0000000D)
    .ARM.Collect$$_printf_percent$$0000000E  0x30000304   Section        8  _printf_lld.o(.ARM.Collect$$_printf_percent$$0000000E)
    .ARM.Collect$$_printf_percent$$0000000F  0x3000030c   Section        8  _printf_llu.o(.ARM.Collect$$_printf_percent$$0000000F)
    .ARM.Collect$$_printf_percent$$00000010  0x30000314   Section        8  _printf_llo.o(.ARM.Collect$$_printf_percent$$00000010)
    .ARM.Collect$$_printf_percent$$00000011  0x3000031c   Section        8  _printf_llx.o(.ARM.Collect$$_printf_percent$$00000011)
    .ARM.Collect$$_printf_percent$$00000012  0x30000324   Section       12  _printf_l.o(.ARM.Collect$$_printf_percent$$00000012)
    .ARM.Collect$$_printf_percent$$00000013  0x30000330   Section        8  _printf_c.o(.ARM.Collect$$_printf_percent$$00000013)
    .ARM.Collect$$_printf_percent$$00000014  0x30000338   Section        8  _printf_s.o(.ARM.Collect$$_printf_percent$$00000014)
    .ARM.Collect$$_printf_percent$$00000015  0x30000340   Section        8  _printf_lc.o(.ARM.Collect$$_printf_percent$$00000015)
    .ARM.Collect$$_printf_percent$$00000016  0x30000348   Section        8  _printf_ls.o(.ARM.Collect$$_printf_percent$$00000016)
    .ARM.Collect$$_printf_percent$$00000017  0x30000350   Section        8  _printf_percent_end.o(.ARM.Collect$$_printf_percent$$00000017)
    .ARM.Collect$$libinit$$00000000          0x30000360   Section        2  libinit.o(.ARM.Collect$$libinit$$00000000)
    .ARM.Collect$$libinit$$00000002          0x30000362   Section        0  libinit2.o(.ARM.Collect$$libinit$$00000002)
    .ARM.Collect$$libinit$$00000008          0x30000362   Section        0  libinit2.o(.ARM.Collect$$libinit$$00000008)
    .ARM.Collect$$libinit$$0000000A          0x30000362   Section        0  libinit2.o(.ARM.Collect$$libinit$$0000000A)
    .ARM.Collect$$libinit$$0000000C          0x30000362   Section        0  libinit2.o(.ARM.Collect$$libinit$$0000000C)
    .ARM.Collect$$libinit$$0000000D          0x30000362   Section        6  libinit2.o(.ARM.Collect$$libinit$$0000000D)
    .ARM.Collect$$libinit$$0000000F          0x30000368   Section        0  libinit2.o(.ARM.Collect$$libinit$$0000000F)
    .ARM.Collect$$libinit$$00000010          0x30000368   Section       12  libinit2.o(.ARM.Collect$$libinit$$00000010)
    .ARM.Collect$$libinit$$00000011          0x30000374   Section        0  libinit2.o(.ARM.Collect$$libinit$$00000011)
    .ARM.Collect$$libinit$$00000013          0x30000374   Section        0  libinit2.o(.ARM.Collect$$libinit$$00000013)
    .ARM.Collect$$libinit$$00000014          0x30000374   Section       10  libinit2.o(.ARM.Collect$$libinit$$00000014)
    .ARM.Collect$$libinit$$00000015          0x3000037e   Section        0  libinit2.o(.ARM.Collect$$libinit$$00000015)
    .ARM.Collect$$libinit$$00000017          0x3000037e   Section        0  libinit2.o(.ARM.Collect$$libinit$$00000017)
    .ARM.Collect$$libinit$$00000019          0x3000037e   Section        0  libinit2.o(.ARM.Collect$$libinit$$00000019)
    .ARM.Collect$$libinit$$0000001B          0x3000037e   Section        0  libinit2.o(.ARM.Collect$$libinit$$0000001B)
    .ARM.Collect$$libinit$$0000001D          0x3000037e   Section        0  libinit2.o(.ARM.Collect$$libinit$$0000001D)
    .ARM.Collect$$libinit$$0000001F          0x3000037e   Section        0  libinit2.o(.ARM.Collect$$libinit$$0000001F)
    .ARM.Collect$$libinit$$00000021          0x3000037e   Section        0  libinit2.o(.ARM.Collect$$libinit$$00000021)
    .ARM.Collect$$libinit$$00000023          0x3000037e   Section        0  libinit2.o(.ARM.Collect$$libinit$$00000023)
    .ARM.Collect$$libinit$$0000002A          0x3000037e   Section        0  libinit2.o(.ARM.Collect$$libinit$$0000002A)
    .ARM.Collect$$libinit$$0000002C          0x3000037e   Section        0  libinit2.o(.ARM.Collect$$libinit$$0000002C)
    .ARM.Collect$$libinit$$0000002E          0x3000037e   Section        0  libinit2.o(.ARM.Collect$$libinit$$0000002E)
    .ARM.Collect$$libinit$$00000030          0x3000037e   Section        0  libinit2.o(.ARM.Collect$$libinit$$00000030)
    .ARM.Collect$$libinit$$00000031          0x3000037e   Section       12  libinit2.o(.ARM.Collect$$libinit$$00000031)
    .ARM.Collect$$libshutdown$$00000000      0x30000394   Section        4  libshutdown.o(.ARM.Collect$$libshutdown$$00000000)
    .ARM.Collect$$libshutdown$$00000003      0x30000398   Section        0  libshutdown2.o(.ARM.Collect$$libshutdown$$00000003)
    .ARM.Collect$$libshutdown$$00000006      0x30000398   Section        0  libshutdown2.o(.ARM.Collect$$libshutdown$$00000006)
    .ARM.Collect$$libshutdown$$00000009      0x30000398   Section        0  libshutdown2.o(.ARM.Collect$$libshutdown$$00000009)
    .ARM.Collect$$libshutdown$$0000000B      0x30000398   Section        0  libshutdown2.o(.ARM.Collect$$libshutdown$$0000000B)
    .ARM.Collect$$libshutdown$$0000000E      0x30000398   Section        0  libshutdown2.o(.ARM.Collect$$libshutdown$$0000000E)
    .ARM.Collect$$libshutdown$$0000000F      0x30000398   Section        6  libshutdown2.o(.ARM.Collect$$libshutdown$$0000000F)
    .ARM.Collect$$rtentry$$00000000          0x300003a0   Section        0  rtentry.o(.ARM.Collect$$rtentry$$00000000)
    .ARM.Collect$$rtentry$$00000002          0x300003a0   Section        0  rtentry2.o(.ARM.Collect$$rtentry$$00000002)
    .ARM.Collect$$rtentry$$00000004          0x300003a0   Section        8  rtentry4.o(.ARM.Collect$$rtentry$$00000004)
    .ARM.Collect$$rtentry$$00000009          0x300003a8   Section        0  rtentry2.o(.ARM.Collect$$rtentry$$00000009)
    .ARM.Collect$$rtentry$$0000000A          0x300003a8   Section        4  rtentry2.o(.ARM.Collect$$rtentry$$0000000A)
    .ARM.Collect$$rtentry$$0000000C          0x300003ac   Section        0  rtentry2.o(.ARM.Collect$$rtentry$$0000000C)
    .ARM.Collect$$rtentry$$0000000D          0x300003ac   Section       40  rtentry2.o(.ARM.Collect$$rtentry$$0000000D)
    .ARM.Collect$$rtexit$$00000000           0x300003d8   Section        4  rtexit.o(.ARM.Collect$$rtexit$$00000000)
    .ARM.Collect$$rtexit$$00000002           0x300003dc   Section        0  rtexit2.o(.ARM.Collect$$rtexit$$00000002)
    .ARM.Collect$$rtexit$$00000003           0x300003dc   Section        4  rtexit2.o(.ARM.Collect$$rtexit$$00000003)
    .ARM.Collect$$rtexit$$00000004           0x300003e0   Section        8  rtexit2.o(.ARM.Collect$$rtexit$$00000004)
    .text                                    0x300003e8   Section       36  s3c2410a.o(.text)
    .text                                    0x3000040c   Section        0  main.o(.text)
    .text                                    0x300004a0   Section        0  arp.o(.text)
    .text                                    0x30000880   Section        0  dm9000dbg.o(.text)
    ReadReg                                  0x30000880   ARM Code      32  dm9000dbg.o(.text)
    WriteReg                                 0x300008a0   ARM Code      28  dm9000dbg.o(.text)
    Probe                                    0x30000a54   ARM Code     188  dm9000dbg.o(.text)
    .text                                    0x30001624   Section        0  eth.o(.text)
    .text                                    0x300016f8   Section        0  icmp.o(.text)
    icmp_send_echo                           0x300016f8   ARM Code     188  icmp.o(.text)
    icmp_rcv_echo                            0x300017b4   ARM Code      44  icmp.o(.text)
    .text                                    0x3000181c   Section        0  ip.o(.text)
    .text                                    0x30001ab4   Section        0  skbuff.o(.text)
    .text                                    0x30001bd8   Section        0  tftp.o(.text)
    .text                                    0x30001ea4   Section        0  tftpmain.o(.text)
    .text                                    0x300023ec   Section        0  tftpput.o(.text)
    .text                                    0x30002524   Section        0  udp.o(.text)
    .text                                    0x30002654   Section        0  2410lib.o(.text)
    .text                                    0x30003154   Section        0  sys_init.o(.text)
    .text                                    0x300035cc   Section       24  rt_ctype_table.o(.text)
    .text                                    0x300035ec   Section        0  c89vsprintf.o(.text)
    .text                                    0x3000361c   Section        0  atoi.o(.text)
    .text                                    0x30003644   Section        0  strlen.o(.text)
    .text                                    0x30003688   Section       16  memcpy.o(.text)
    .text                                    0x30003698   Section       32  memset.o(.text)
    .text                                    0x300036b8   Section       32  uread4.o(.text)
    .text                                    0x300036d8   Section       32  uwrite4.o(.text)
    .text                                    0x300036fc   Section      384  aeabi_sdiv.o(.text)
    __arm_div8                               0x30003728   ARM Code       0  aeabi_sdiv.o(.text)
    __arm_div5                               0x3000374c   ARM Code       0  aeabi_sdiv.o(.text)
    __arm_div2                               0x30003770   ARM Code       0  aeabi_sdiv.o(.text)
    __arm_div_large                          0x300037ac   ARM Code       0  aeabi_sdiv.o(.text)
    .text                                    0x3000387c   Section        0  heapauxi.o(.text)
    .text                                    0x30003888   Section       12  rt_locale_intlibspace.o(.text)
    .text                                    0x30003898   Section       12  rt_errno_addr_intlibspace.o(.text)
    .text                                    0x300038a4   Section        0  _printf_pad.o(.text)
    .text                                    0x300038fa   Section        0  _printf_truncate.o(.text)
    .text                                    0x30003926   Section        0  _printf_str.o(.text)
    .text                                    0x30003988   Section        0  _printf_dec.o(.text)
    .text                                    0x30003a00   Section        0  _printf_charcount.o(.text)
    .text                                    0x30003a28   Section        0  _printf_char_common.o(.text)
    _printf_input_char                       0x30003a29   Thumb Code    10  _printf_char_common.o(.text)
    .text                                    0x30003a58   Section        0  _sputc.o(.text)
    .text                                    0x30003a64   Section        0  _printf_wctomb.o(.text)
    .text                                    0x30003b2c   Section        0  _printf_longlong_dec.o(.text)
    .text                                    0x30003ba8   Section        0  _printf_oct_int_ll.o(.text)
    _printf_longlong_oct_internal            0x30003ba9   Thumb Code     0  _printf_oct_int_ll.o(.text)
    .text                                    0x30003c28   Section        0  _printf_hex_int_ll_ptr.o(.text)
    _printf_hex_common                       0x30003c29   Thumb Code     0  _printf_hex_int_ll_ptr.o(.text)
    .text                                    0x30003cc8   Section        0  __printf_flags_ss_wp.o(.text)
    .text                                    0x30003e64   Section        0  strtol.o(.text)
    .text                                    0x30003ed8   Section      212  rt_memcpy.o(.text)
    .text                                    0x30003fac   Section       64  rt_memclr.o(.text)
    .text                                    0x30003fec   Section       12  libspace.o(.text)
    .text                                    0x30003ffc   Section      160  lludiv10.o(.text)
    .text                                    0x3000409c   Section        0  _printf_intcommon.o(.text)
    .text                                    0x30004158   Section        0  _printf_fp_dec.o(.text)
    _fp_digits                               0x3000415b   Thumb Code   414  _printf_fp_dec.o(.text)
    .text                                    0x30004580   Section        0  _printf_char.o(.text)
    .text                                    0x300045bc   Section        0  _printf_wchar.o(.text)
    .text                                    0x300045ee   Section        0  _strtoul.o(.text)
    .text                                    0x3000469a   Section        0  _wcrtomb.o(.text)
    .text                                    0x300046e4   Section      100  rt_memcpy_w.o(.text)
    .text                                    0x30004748   Section       84  rt_memclr_w.o(.text)
    .text                                    0x3000479c   Section      160  strcmp.o(.text)
    .text                                    0x30004840   Section       44  rtudiv10.o(.text)
    .text                                    0x3000486c   Section       96  sys_stackheap_outer.o(.text)
    .text                                    0x300048cc   Section        0  _printf_fp_infnan.o(.text)
    .text                                    0x3000495c   Section        0  _chval.o(.text)
    .text                                    0x3000497c   Section        0  bigflt0.o(.text)
    .text                                    0x30004a54   Section        0  exit.o(.text)
    .text                                    0x30004a68   Section        0  sys_exit.o(.text)
    .text                                    0x30004a74   Section        4  use_no_semi.o(.text)
    .text                                    0x30004a78   Section        0  indicate_semi.o(.text)
    CL$$btod_d2e                             0x30004a7c   Section       56  btod.o(CL$$btod_d2e)
    CL$$btod_d2e_denorm_low                  0x30004ab4   Section       84  btod.o(CL$$btod_d2e_denorm_low)
    CL$$btod_d2e_norm_op1                    0x30004b08   Section      104  btod.o(CL$$btod_d2e_norm_op1)
    CL$$btod_div_common                      0x30004b70   Section      844  btod.o(CL$$btod_div_common)
    CL$$btod_e2e                             0x30004ebc   Section      220  btod.o(CL$$btod_e2e)
    CL$$btod_ediv                            0x30004f9c   Section       52  btod.o(CL$$btod_ediv)
    CL$$btod_emul                            0x30004fd4   Section       52  btod.o(CL$$btod_emul)
    CL$$btod_mult_common                     0x30005008   Section      616  btod.o(CL$$btod_mult_common)
    i.__ARM_common_call_via_r1               0x300052b8   Section        0  __printf.o(i.__ARM_common_call_via_r1)
    i.__ARM_common_call_via_r2               0x300052ba   Section        0  _printf_wctomb.o(i.__ARM_common_call_via_r2)
    i.__ARM_common_call_via_r3               0x300052bc   Section        0  _wcrtomb.o(i.__ARM_common_call_via_r3)
    i.__ARM_fpclassify                       0x300052c4   Section        0  fpclassify.o(i.__ARM_fpclassify)
    i._is_digit                              0x300052f4   Section        0  __printf_wp.o(i._is_digit)
    locale$$code                             0x30005308   Section       80  lc_ctype_c.o(locale$$code)
    locale$$code                             0x3000535c   Section       80  lc_numeric_c.o(locale$$code)
    x$fpl$dadd                               0x300053ac   Section      340  daddsub_noclz.o(x$fpl$dadd)
    _dadd1                                   0x300053bc   ARM Code       0  daddsub_noclz.o(x$fpl$dadd)
    x$fpl$ddiv                               0x30005500   Section      736  ddiv.o(x$fpl$ddiv)
    ddiv_entry                               0x30005508   ARM Code       0  ddiv.o(x$fpl$ddiv)
    x$fpl$dfix                               0x300057e0   Section      112  dfix.o(x$fpl$dfix)
    x$fpl$dflt                               0x30005850   Section       88  dflt_noclz.o(x$fpl$dflt)
    x$fpl$dnaninf                            0x300058a8   Section      192  dnaninf.o(x$fpl$dnaninf)
    x$fpl$dretinf                            0x30005968   Section       16  dretinf.o(x$fpl$dretinf)
    x$fpl$dsub                               0x30005978   Section      580  daddsub_noclz.o(x$fpl$dsub)
    _dsub1                                   0x30005988   ARM Code       0  daddsub_noclz.o(x$fpl$dsub)
    x$fpl$ieeestatus                         0x30005bc0   Section        8  istatus.o(x$fpl$ieeestatus)
    x$fpl$printf1                            0x30005bc8   Section        4  printf1.o(x$fpl$printf1)
    .constdata                               0x30005bcc   Section      216  sys_init.o(.constdata)
    x$fpl$usenofp                            0x30005bcc   Section        0  usenofp.o(x$fpl$usenofp)
    .constdata                               0x30005ca4   Section        8  _printf_wctomb.o(.constdata)
    initial_mbstate                          0x30005ca4   Data           8  _printf_wctomb.o(.constdata)
    .constdata                               0x30005cac   Section       40  _printf_hex_int_ll_ptr.o(.constdata)
    uc_hextab                                0x30005cac   Data          20  _printf_hex_int_ll_ptr.o(.constdata)
    lc_hextab                                0x30005cc0   Data          20  _printf_hex_int_ll_ptr.o(.constdata)
    .constdata                               0x30005cd4   Section       17  __printf_flags_ss_wp.o(.constdata)
    maptable                                 0x30005cd4   Data          17  __printf_flags_ss_wp.o(.constdata)
    .constdata                               0x30005ce8   Section      148  bigflt0.o(.constdata)
    tenpwrs_x                                0x30005ce8   Data          60  bigflt0.o(.constdata)
    tenpwrs_i                                0x30005d24   Data          64  bigflt0.o(.constdata)
    .conststring                             0x30005d7c   Section       30  tftpmain.o(.conststring)
    locale$$data                             0x30005dbc   Section      272  lc_ctype_c.o(locale$$data)
    __lcctype_c_name                         0x30005dc0   Data           2  lc_ctype_c.o(locale$$data)
    __lcctype_c_start                        0x30005dc8   Data           0  lc_ctype_c.o(locale$$data)
    locale$$data                             0x30005ecc   Section       28  lc_numeric_c.o(locale$$data)
    __lcctype_c_end                          0x30005ecc   Data           0  lc_ctype_c.o(locale$$data)
    __lcnum_c_name                           0x30005ed0   Data           2  lc_numeric_c.o(locale$$data)
    __lcnum_c_start                          0x30005ed8   Data           0  lc_numeric_c.o(locale$$data)
    __lcnum_c_point                          0x30005ee4   Data           0  lc_numeric_c.o(locale$$data)
    __lcnum_c_thousands                      0x30005ee6   Data           0  lc_numeric_c.o(locale$$data)
    __lcnum_c_grouping                       0x30005ee7   Data           0  lc_numeric_c.o(locale$$data)
    __lcnum_c_end                            0x30005ee8   Data           0  lc_numeric_c.o(locale$$data)
    .data                                    0x30030000   Section        8  main.o(.data)
    .data                                    0x30030008   Section        4  arp.o(.data)
    arp_chche_cur                            0x30030008   Data           4  arp.o(.data)
    .data                                    0x3003000c   Section       31  dm9000dbg.o(.data)
    OurEmacAddr                              0x30030012   Data           6  dm9000dbg.o(.data)
    dwEthernetIOBase                         0x30030018   Data           4  dm9000dbg.o(.data)
    dwEthernetDataPort                       0x3003001c   Data           4  dm9000dbg.o(.data)
    DM9000_iomode                            0x30030020   Data           1  dm9000dbg.o(.data)
    hash_table                               0x30030022   Data           8  dm9000dbg.o(.data)
    DM9000_rev                               0x3003002a   Data           1  dm9000dbg.o(.data)
    .data                                    0x3003002c   Section        4  icmp.o(.data)
    client_ip                                0x3003002c   Data           4  icmp.o(.data)
    .data                                    0x30030030   Section        6  ip.o(.data)
    local_ip                                 0x30030030   Data           4  ip.o(.data)
    ip_id                                    0x30030034   Data           2  ip.o(.data)
    .data                                    0x30030038   Section        4  skbuff.o(.data)
    .data                                    0x3003003c   Section        8  tftp.o(.data)
    .data                                    0x30030044   Section       67  tftpmain.o(.data)
    .data                                    0x30030088   Section       12  tftpput.o(.data)
    count                                    0x30030088   Data           4  tftpput.o(.data)
    buf                                      0x3003008c   Data           4  tftpput.o(.data)
    data_len                                 0x30030090   Data           4  tftpput.o(.data)
    .data                                    0x30030094   Section        9  2410lib.o(.data)
    delayLoopCount                           0x30030094   Data           4  2410lib.o(.data)
    .data                                    0x300300a0   Section        4  sys_init.o(.data)
    .bss                                     0x300300a4   Section      204  arp.o(.bss)
    arp_entrys                               0x300300a4   Data          12  arp.o(.bss)
    arp_cache                                0x300300b0   Data         192  arp.o(.bss)
    .bss                                     0x30030170   Section     7640  skbuff.o(.bss)
    .bss                                     0x30031f48   Section       96  libspace.o(.bss)
    HEAP                                     0x30031fa8   Section    18432  s3c2410a.o(HEAP)
    Heap_Mem                                 0x30031fa8   Data       18432  s3c2410a.o(HEAP)
    STACK                                    0x300367a8   Section    40960  s3c2410a.o(STACK)
    Stack_Mem                                0x300367a8   Data       40960  s3c2410a.o(STACK)
    Stack_Top                                0x300407a8   Data           0  s3c2410a.o(STACK)

    Global Symbols

    Symbol Name                              Value     Ov Type        Size  Object(Section)

    BuildAttributes$$THM_ISAv1$ARM_ISAv4$S$PE$A:L22$X:L11$S22$IEEE1$IW$USESV6$~STKCKD$USESV7$~SHL$OTIME$ROPI$IEEEJ$EBA8$UX$STANDARDLIB$REQ8$PRES8$EABIv2 0x00000000   Number         0  anon$$obj.o ABSOLUTE
    __ARM_use_no_argv                        0x00000000   Number         0  main.o ABSOLUTE
    _printf_flags                            0x00000000   Number         0  printf_stubs.o ABSOLUTE
    _printf_return_value                     0x00000000   Number         0  printf_stubs.o ABSOLUTE
    _printf_sizespec                         0x00000000   Number         0  printf_stubs.o ABSOLUTE
    _printf_widthprec                        0x00000000   Number         0  printf_stubs.o ABSOLUTE
    __ARM_exceptions_init                     - Undefined Weak Reference
    __alloca_initialize                       - Undefined Weak Reference
    __cpp_initialize__aeabi_                  - Undefined Weak Reference
    __cxa_finalize                            - Undefined Weak Reference
    __sigvec_lookup                           - Undefined Weak Reference
    _atexit_init                              - Undefined Weak Reference
    _call_atexit_fns                          - Undefined Weak Reference
    _clock_init                               - Undefined Weak Reference
    _fp_trap_init                             - Undefined Weak Reference
    _fp_trap_shutdown                         - Undefined Weak Reference
    _get_lc_collate                           - Undefined Weak Reference
    _get_lc_monetary                          - Undefined Weak Reference
    _get_lc_time                              - Undefined Weak Reference
    _getenv_init                              - Undefined Weak Reference
    _handle_redirection                       - Undefined Weak Reference
    _init_alloc                               - Undefined Weak Reference
    _init_user_alloc                          - Undefined Weak Reference
    _initio                                   - Undefined Weak Reference
    _printf_fp_hex                            - Undefined Weak Reference
    _printf_mbtowc                            - Undefined Weak Reference
    _printf_wc                                - Undefined Weak Reference
    _rand_init                                - Undefined Weak Reference
    _signal_finish                            - Undefined Weak Reference
    _signal_init                              - Undefined Weak Reference
    _terminate_alloc                          - Undefined Weak Reference
    _terminate_user_alloc                     - Undefined Weak Reference
    _terminateio                              - Undefined Weak Reference
    Reset_Handler                            0x30000104   ARM Code       0  s3c2410a.o(RESET)
    __main                                   0x300001fc   ARM Code       8  __main.o(!!!main)
    __scatterload                            0x30000204   ARM Code       0  __scatter.o(!!!scatter)
    __scatterload_rt2                        0x30000204   ARM Code      52  __scatter.o(!!!scatter)
    __scatterload_null                       0x30000218   ARM Code       0  __scatter.o(!!!scatter)
    __scatterload_copy                       0x30000240   ARM Code      40  __scatter_copy.o(!!handler_copy)
    __scatterload_zeroinit                   0x30000268   ARM Code      44  __scatter_zi.o(!!handler_zi)
    Inline Thumb to ARM Veneer to _printf_percent 0x30000295   Thumb Code     4  _printf_percent.o(.ARM.Collect$$_printf_percent$$00000000)
    _printf_n                                0x30000298   ARM Code       0  _printf_n.o(.ARM.Collect$$_printf_percent$$00000001)
    _printf_percent                          0x30000298   ARM Code       0  _printf_percent.o(.ARM.Collect$$_printf_percent$$00000000)
    _printf_p                                0x300002a0   ARM Code       0  _printf_p.o(.ARM.Collect$$_printf_percent$$00000002)
    _printf_f                                0x300002a8   ARM Code       0  _printf_f.o(.ARM.Collect$$_printf_percent$$00000003)
    _printf_e                                0x300002b0   ARM Code       0  _printf_e.o(.ARM.Collect$$_printf_percent$$00000004)
    _printf_g                                0x300002b8   ARM Code       0  _printf_g.o(.ARM.Collect$$_printf_percent$$00000005)
    _printf_a                                0x300002c0   ARM Code       0  _printf_a.o(.ARM.Collect$$_printf_percent$$00000006)
    _printf_ll                               0x300002c8   ARM Code       0  _printf_ll.o(.ARM.Collect$$_printf_percent$$00000007)
    _printf_i                                0x300002d4   ARM Code       0  _printf_i.o(.ARM.Collect$$_printf_percent$$00000008)
    _printf_d                                0x300002dc   ARM Code       0  _printf_d.o(.ARM.Collect$$_printf_percent$$00000009)
    _printf_u                                0x300002e4   ARM Code       0  _printf_u.o(.ARM.Collect$$_printf_percent$$0000000A)
    _printf_o                                0x300002ec   ARM Code       0  _printf_o.o(.ARM.Collect$$_printf_percent$$0000000B)
    _printf_x                                0x300002f4   ARM Code       0  _printf_x.o(.ARM.Collect$$_printf_percent$$0000000C)
    _printf_lli                              0x300002fc   ARM Code       0  _printf_lli.o(.ARM.Collect$$_printf_percent$$0000000D)
    _printf_lld                              0x30000304   ARM Code       0  _printf_lld.o(.ARM.Collect$$_printf_percent$$0000000E)
    _printf_llu                              0x3000030c   ARM Code       0  _printf_llu.o(.ARM.Collect$$_printf_percent$$0000000F)
    _printf_llo                              0x30000314   ARM Code       0  _printf_llo.o(.ARM.Collect$$_printf_percent$$00000010)
    _printf_llx                              0x3000031c   ARM Code       0  _printf_llx.o(.ARM.Collect$$_printf_percent$$00000011)
    _printf_l                                0x30000324   ARM Code       0  _printf_l.o(.ARM.Collect$$_printf_percent$$00000012)
    _printf_c                                0x30000330   ARM Code       0  _printf_c.o(.ARM.Collect$$_printf_percent$$00000013)
    _printf_s                                0x30000338   ARM Code       0  _printf_s.o(.ARM.Collect$$_printf_percent$$00000014)
    _printf_lc                               0x30000340   ARM Code       0  _printf_lc.o(.ARM.Collect$$_printf_percent$$00000015)
    _printf_ls                               0x30000348   ARM Code       0  _printf_ls.o(.ARM.Collect$$_printf_percent$$00000016)
    _printf_percent_end                      0x30000350   ARM Code       0  _printf_percent_end.o(.ARM.Collect$$_printf_percent$$00000017)
    Inline ARM to Thumb Veneer to __rt_lib_init 0x30000358   ARM Code       8  libinit.o(.ARM.Collect$$libinit$$00000000)
    __rt_lib_init                            0x30000361   Thumb Code     0  libinit.o(.ARM.Collect$$libinit$$00000000)
    __rt_lib_init_fp_1                       0x30000363   Thumb Code     0  libinit2.o(.ARM.Collect$$libinit$$00000002)
    __rt_lib_init_heap_1                     0x30000363   Thumb Code     0  libinit2.o(.ARM.Collect$$libinit$$00000008)
    __rt_lib_init_lc_common                  0x30000363   Thumb Code     0  libinit2.o(.ARM.Collect$$libinit$$0000000D)
    __rt_lib_init_rand_1                     0x30000363   Thumb Code     0  libinit2.o(.ARM.Collect$$libinit$$0000000C)
    __rt_lib_init_user_alloc_1               0x30000363   Thumb Code     0  libinit2.o(.ARM.Collect$$libinit$$0000000A)
    __rt_lib_init_lc_collate_1               0x30000369   Thumb Code     0  libinit2.o(.ARM.Collect$$libinit$$0000000F)
    __rt_lib_init_lc_ctype_2                 0x30000369   Thumb Code     0  libinit2.o(.ARM.Collect$$libinit$$00000010)
    __rt_lib_init_lc_ctype_1                 0x30000375   Thumb Code     0  libinit2.o(.ARM.Collect$$libinit$$00000011)
    __rt_lib_init_lc_monetary_1              0x30000375   Thumb Code     0  libinit2.o(.ARM.Collect$$libinit$$00000013)
    __rt_lib_init_lc_numeric_2               0x30000375   Thumb Code     0  libinit2.o(.ARM.Collect$$libinit$$00000014)
    __rt_lib_init_alloca_1                   0x3000037f   Thumb Code     0  libinit2.o(.ARM.Collect$$libinit$$0000002C)
    __rt_lib_init_argv_1                     0x3000037f   Thumb Code     0  libinit2.o(.ARM.Collect$$libinit$$0000002A)
    __rt_lib_init_atexit_1                   0x3000037f   Thumb Code     0  libinit2.o(.ARM.Collect$$libinit$$00000019)
    __rt_lib_init_clock_1                    0x3000037f   Thumb Code     0  libinit2.o(.ARM.Collect$$libinit$$0000001F)
    __rt_lib_init_cpp_1                      0x3000037f   Thumb Code     0  libinit2.o(.ARM.Collect$$libinit$$00000030)
    __rt_lib_init_exceptions_1               0x3000037f   Thumb Code     0  libinit2.o(.ARM.Collect$$libinit$$0000002E)
    __rt_lib_init_fp_trap_1                  0x3000037f   Thumb Code     0  libinit2.o(.ARM.Collect$$libinit$$0000001D)
    __rt_lib_init_getenv_1                   0x3000037f   Thumb Code     0  libinit2.o(.ARM.Collect$$libinit$$00000021)
    __rt_lib_init_lc_numeric_1               0x3000037f   Thumb Code     0  libinit2.o(.ARM.Collect$$libinit$$00000015)
    __rt_lib_init_lc_time_1                  0x3000037f   Thumb Code     0  libinit2.o(.ARM.Collect$$libinit$$00000017)
    __rt_lib_init_return                     0x3000037f   Thumb Code     0  libinit2.o(.ARM.Collect$$libinit$$00000031)
    __rt_lib_init_signal_1                   0x3000037f   Thumb Code     0  libinit2.o(.ARM.Collect$$libinit$$0000001B)
    __rt_lib_init_stdio_1                    0x3000037f   Thumb Code     0  libinit2.o(.ARM.Collect$$libinit$$00000023)
    Inline ARM to Thumb Veneer to __rt_lib_shutdown 0x3000038c   ARM Code       8  libshutdown.o(.ARM.Collect$$libshutdown$$00000000)
    __rt_lib_shutdown                        0x30000395   Thumb Code     0  libshutdown.o(.ARM.Collect$$libshutdown$$00000000)
    __rt_lib_shutdown_fp_trap_1              0x30000399   Thumb Code     0  libshutdown2.o(.ARM.Collect$$libshutdown$$00000006)
    __rt_lib_shutdown_heap_1                 0x30000399   Thumb Code     0  libshutdown2.o(.ARM.Collect$$libshutdown$$0000000E)
    __rt_lib_shutdown_return                 0x30000399   Thumb Code     0  libshutdown2.o(.ARM.Collect$$libshutdown$$0000000F)
    __rt_lib_shutdown_signal_1               0x30000399   Thumb Code     0  libshutdown2.o(.ARM.Collect$$libshutdown$$00000009)
    __rt_lib_shutdown_stdio_1                0x30000399   Thumb Code     0  libshutdown2.o(.ARM.Collect$$libshutdown$$00000003)
    __rt_lib_shutdown_user_alloc_1           0x30000399   Thumb Code     0  libshutdown2.o(.ARM.Collect$$libshutdown$$0000000B)
    __rt_entry                               0x300003a0   ARM Code       0  rtentry.o(.ARM.Collect$$rtentry$$00000000)
    __rt_entry_presh_1                       0x300003a0   ARM Code       0  rtentry2.o(.ARM.Collect$$rtentry$$00000002)
    __rt_entry_sh                            0x300003a0   ARM Code       0  rtentry4.o(.ARM.Collect$$rtentry$$00000004)
    __rt_entry_li                            0x300003a8   ARM Code       0  rtentry2.o(.ARM.Collect$$rtentry$$0000000A)
    __rt_entry_postsh_1                      0x300003a8   ARM Code       0  rtentry2.o(.ARM.Collect$$rtentry$$00000009)
    __rt_entry_main                          0x300003ac   ARM Code       0  rtentry2.o(.ARM.Collect$$rtentry$$0000000D)
    __rt_entry_postli_1                      0x300003ac   ARM Code       0  rtentry2.o(.ARM.Collect$$rtentry$$0000000C)
    Inline Thumb to ARM Veneer to __rt_exit  0x300003d5   Thumb Code     4  rtexit.o(.ARM.Collect$$rtexit$$00000000)
    __rt_exit                                0x300003d8   ARM Code       0  rtexit.o(.ARM.Collect$$rtexit$$00000000)
    __rt_exit_ls                             0x300003dc   ARM Code       0  rtexit2.o(.ARM.Collect$$rtexit$$00000003)
    __rt_exit_prels_1                        0x300003dc   ARM Code       0  rtexit2.o(.ARM.Collect$$rtexit$$00000002)
    __rt_exit_exit                           0x300003e0   ARM Code       0  rtexit2.o(.ARM.Collect$$rtexit$$00000004)
    __user_initial_stackheap                 0x300003e8   ARM Code       0  s3c2410a.o(.text)
    main                                     0x3000040c   ARM Code      88  main.o(.text)
    arp_init                                 0x300004a0   ARM Code      48  arp.o(.text)
    arp_add_entry                            0x300004d0   ARM Code      56  arp.o(.text)
    arp_add_cache                            0x30000508   ARM Code     172  arp.o(.text)
    arp_send_req                             0x300005b4   ARM Code     228  arp.o(.text)
    arp_send_rsp                             0x30000698   ARM Code     220  arp.o(.text)
    arp_get_eth_addr                         0x30000774   ARM Code     152  arp.o(.text)
    arp_rcv_packet                           0x3000080c   ARM Code     116  arp.o(.text)
    CalculateHashIndex                       0x300008bc   ARM Code     144  dm9000dbg.o(.text)
    DM9000_Delay                             0x3000094c   ARM Code      20  dm9000dbg.o(.text)
    dm9000_hash_table                        0x30000960   ARM Code     244  dm9000dbg.o(.text)
    DM9000DBG_EnableInts                     0x30000b10   ARM Code      24  dm9000dbg.o(.text)
    DM9000DBG_DisableInts                    0x30000b28   ARM Code     268  dm9000dbg.o(.text)
    dm9000_send                              0x30000c34   ARM Code     332  dm9000dbg.o(.text)
    DM9000DBG_Init                           0x30000d80   ARM Code     548  dm9000dbg.o(.text)
    DM9000DBG_GetPendingInts                 0x30000fa4   ARM Code      40  dm9000dbg.o(.text)
    DM9000DBG_GetFrame                       0x30000fcc   ARM Code     596  dm9000dbg.o(.text)
    DM9000DBG_SendFrame                      0x30001220   ARM Code      44  dm9000dbg.o(.text)
    DM9000DBG_CurrentPacketFilter            0x3000124c   ARM Code     420  dm9000dbg.o(.text)
    DM9000DBG_MulticastList                  0x300013f0   ARM Code     424  dm9000dbg.o(.text)
    board_eth_get_addr                       0x30001598   ARM Code      36  dm9000dbg.o(.text)
    eth_init                                 0x30001624   ARM Code      16  eth.o(.text)
    eth_get_addr                             0x30001634   ARM Code      24  eth.o(.text)
    eth_send                                 0x3000164c   ARM Code     112  eth.o(.text)
    eth_rcv                                  0x300016bc   ARM Code      32  eth.o(.text)
    eth_skb_reserve                          0x300016dc   ARM Code      28  eth.o(.text)
    icmp_rcv_packet                          0x300017e0   ARM Code      52  icmp.o(.text)
    ip_fast_csum                             0x3000181c   ARM Code     116  ip.o(.text)
    ip_init                                  0x30001890   ARM Code      20  ip.o(.text)
    ip_rcv_packet                            0x300018a4   ARM Code     128  ip.o(.text)
    ip_send                                  0x30001924   ARM Code     316  ip.o(.text)
    ip_skb_reserve                           0x30001a60   ARM Code      36  ip.o(.text)
    ip_get_source_ip                         0x30001a84   ARM Code      36  ip.o(.text)
    skb_init                                 0x30001ab4   ARM Code       8  skbuff.o(.text)
    skb_headerinit                           0x30001abc   ARM Code      56  skbuff.o(.text)
    alloc_skb                                0x30001af4   ARM Code      96  skbuff.o(.text)
    free_skb                                 0x30001b54   ARM Code       4  skbuff.o(.text)
    skb_put                                  0x30001b58   ARM Code      24  skbuff.o(.text)
    skb_pull                                 0x30001b70   ARM Code      36  skbuff.o(.text)
    skb_push                                 0x30001b94   ARM Code      36  skbuff.o(.text)
    skb_reserve                              0x30001bb8   ARM Code      16  skbuff.o(.text)
    tftp_send_ack                            0x30001bd8   ARM Code     140  tftp.o(.text)
    tftp_rcv_wrq                             0x30001c64   ARM Code      84  tftp.o(.text)
    tftp_rcv_data                            0x30001cb8   ARM Code     296  tftp.o(.text)
    tftp_rcv_packet                          0x30001de0   ARM Code     152  tftp.o(.text)
    ntohs                                    0x30001ea4   ARM Code      20  tftpmain.o(.text)
    ntohl                                    0x30001eb8   ARM Code      44  tftpmain.o(.text)
    htons                                    0x30001ee4   ARM Code      20  tftpmain.o(.text)
    htonl                                    0x30001ef8   ARM Code      24  tftpmain.o(.text)
    net_handle                               0x30001f10   ARM Code     140  tftpmain.o(.text)
    NetLoadFile                              0x30001f9c   ARM Code    1016  tftpmain.o(.text)
    tftp_put_begin                           0x300023ec   ARM Code      48  tftpput.o(.text)
    tftp_put                                 0x3000241c   ARM Code     136  tftpput.o(.text)
    update_bios                              0x300024a4   ARM Code      12  tftpput.o(.text)
    update_system_table                      0x300024b0   ARM Code      12  tftpput.o(.text)
    update_partition_table                   0x300024bc   ARM Code      12  tftpput.o(.text)
    update_partition                         0x300024c8   ARM Code      12  tftpput.o(.text)
    update_firmware                          0x300024d4   ARM Code      12  tftpput.o(.text)
    tftp_put_end                             0x300024e0   ARM Code      36  tftpput.o(.text)
    udp_init                                 0x30002524   ARM Code       8  udp.o(.text)
    udp_rcv_packet                           0x3000252c   ARM Code      88  udp.o(.text)
    udp_send                                 0x30002584   ARM Code     136  udp.o(.text)
    udp_skb_reserve                          0x3000260c   ARM Code      36  udp.o(.text)
    udp_get_source_port                      0x30002630   ARM Code      36  udp.o(.text)
    port_init                                0x30002654   ARM Code     160  2410lib.o(.text)
    uart_change_baud                         0x300026f4   ARM Code     216  2410lib.o(.text)
    delay                                    0x300027cc   ARM Code     180  2410lib.o(.text)
    uart_init                                0x30002880   ARM Code     492  2410lib.o(.text)
    uart_select                              0x30002a6c   ARM Code      12  2410lib.o(.text)
    uart_txempty                             0x30002a78   ARM Code      96  2410lib.o(.text)
    uart_getch                               0x30002ad8   ARM Code     152  2410lib.o(.text)
    uart_getkey                              0x30002b70   ARM Code     164  2410lib.o(.text)
    uart_sendbyte                            0x30002c14   ARM Code     324  2410lib.o(.text)
    uart_sendstring                          0x30002d58   ARM Code      40  2410lib.o(.text)
    uart_printf                              0x30002d80   ARM Code      64  2410lib.o(.text)
    uart_getstring                           0x30002dc0   ARM Code     100  2410lib.o(.text)
    uart_getintnum                           0x30002e24   ARM Code     460  2410lib.o(.text)
    timer_start                              0x30002ff0   ARM Code      60  2410lib.o(.text)
    timer_stop                               0x3000302c   ARM Code      32  2410lib.o(.text)
    change_value_MPLL                        0x3000304c   ARM Code      24  2410lib.o(.text)
    change_clock_divider                     0x30003064   ARM Code      16  2410lib.o(.text)
    ChangeUPllValue                          0x30003074   ARM Code      24  2410lib.o(.text)
    EnableMMU                                0x3000308c   ARM Code      36  2410lib.o(.text)
    InitMMU                                  0x300030b0   ARM Code     152  2410lib.o(.text)
    __gccmain                                0x30003148   ARM Code       4  2410lib.o(.text)
    break_point                              0x30003154   ARM Code      20  sys_init.o(.text)
    debug_undef                              0x30003168   ARM Code      48  sys_init.o(.text)
    debug_swi                                0x30003198   ARM Code      48  sys_init.o(.text)
    debug_abort_d                            0x300031c8   ARM Code      48  sys_init.o(.text)
    debug_abort_p                            0x300031f8   ARM Code      48  sys_init.o(.text)
    debug_fiq                                0x30003228   ARM Code      48  sys_init.o(.text)
    interrupts_init                          0x30003258   ARM Code     608  sys_init.o(.text)
    beep_init                                0x300034b8   ARM Code      56  sys_init.o(.text)
    print_infor                              0x300034f0   ARM Code      52  sys_init.o(.text)
    sys_init                                 0x30003524   ARM Code     132  sys_init.o(.text)
    Inline Thumb to ARM Veneer to __rt_ctype_table 0x300035c9   Thumb Code     4  rt_ctype_table.o(.text)
    __rt_ctype_table                         0x300035cc   ARM Code      24  rt_ctype_table.o(.text)
    Inline ARM to Thumb Veneer to __c89vsprintf 0x300035e4   ARM Code       8  c89vsprintf.o(.text)
    __c89vsprintf                            0x300035ed   Thumb Code    36  c89vsprintf.o(.text)
    Inline ARM to Thumb Veneer to atoi       0x30003614   ARM Code       8  atoi.o(.text)
    atoi                                     0x3000361d   Thumb Code    30  atoi.o(.text)
    Inline ARM to Thumb Veneer to strlen     0x3000363c   ARM Code       8  strlen.o(.text)
    strlen                                   0x30003645   Thumb Code    64  strlen.o(.text)
    memcpy                                   0x30003688   ARM Code      16  memcpy.o(.text)
    memset                                   0x30003698   ARM Code      32  memset.o(.text)
    __aeabi_uread4                           0x300036b8   ARM Code       0  uread4.o(.text)
    __rt_uread4                              0x300036b8   ARM Code      32  uread4.o(.text)
    __aeabi_uwrite4                          0x300036d8   ARM Code       0  uwrite4.o(.text)
    __rt_uwrite4                             0x300036d8   ARM Code      32  uwrite4.o(.text)
    Inline Thumb to ARM Veneer to __aeabi_idivmod 0x300036f9   Thumb Code     4  aeabi_sdiv.o(.text)
    __aeabi_idiv                             0x300036fc   ARM Code       0  aeabi_sdiv.o(.text)
    __aeabi_idivmod                          0x300036fc   ARM Code     384  aeabi_sdiv.o(.text)
    __use_two_region_memory                  0x3000387d   Thumb Code     2  heapauxi.o(.text)
    __rt_heap_escrow$2region                 0x3000387f   Thumb Code     2  heapauxi.o(.text)
    __rt_heap_expand$2region                 0x30003881   Thumb Code     2  heapauxi.o(.text)
    Inline Thumb to ARM Veneer to __rt_locale 0x30003885   Thumb Code     4  rt_locale_intlibspace.o(.text)
    __rt_locale                              0x30003888   ARM Code      12  rt_locale_intlibspace.o(.text)
    Inline Thumb to ARM Veneer to __aeabi_errno_addr 0x30003895   Thumb Code     4  rt_errno_addr_intlibspace.o(.text)
    __aeabi_errno_addr                       0x30003898   ARM Code      12  rt_errno_addr_intlibspace.o(.text)
    __errno$intlibspace                      0x30003898   ARM Code       0  rt_errno_addr_intlibspace.o(.text)
    __rt_errno_addr$intlibspace              0x30003898   ARM Code       0  rt_errno_addr_intlibspace.o(.text)
    _printf_pre_padding                      0x300038a5   Thumb Code    50  _printf_pad.o(.text)
    _printf_post_padding                     0x300038d7   Thumb Code    36  _printf_pad.o(.text)
    _printf_truncate_signed                  0x300038fb   Thumb Code    22  _printf_truncate.o(.text)
    _printf_truncate_unsigned                0x30003911   Thumb Code    22  _printf_truncate.o(.text)
    _printf_str                              0x30003927   Thumb Code    88  _printf_str.o(.text)
    Inline ARM to Thumb Veneer to _printf_int_dec 0x30003980   ARM Code       8  _printf_dec.o(.text)
    _printf_int_dec                          0x30003989   Thumb Code    94  _printf_dec.o(.text)
    Inline ARM to Thumb Veneer to _printf_charcount 0x300039f8   ARM Code       8  _printf_charcount.o(.text)
    _printf_charcount                        0x30003a01   Thumb Code    40  _printf_charcount.o(.text)
    _printf_char_common                      0x30003a33   Thumb Code    34  _printf_char_common.o(.text)
    _sputc                                   0x30003a59   Thumb Code    10  _sputc.o(.text)
    _printf_wctomb                           0x30003a65   Thumb Code   188  _printf_wctomb.o(.text)
    Inline ARM to Thumb Veneer to _printf_longlong_dec 0x30003b24   ARM Code       8  _printf_longlong_dec.o(.text)
    _printf_longlong_dec                     0x30003b2d   Thumb Code    98  _printf_longlong_dec.o(.text)
    Inline ARM to Thumb Veneer to _printf_int_oct 0x30003ba0   ARM Code       8  _printf_oct_int_ll.o(.text)
    _printf_longlong_oct                     0x30003ba9   Thumb Code    72  _printf_oct_int_ll.o(.text)
    _printf_int_oct                          0x30003bf1   Thumb Code    28  _printf_oct_int_ll.o(.text)
    _printf_ll_oct                           0x30003c0d   Thumb Code    10  _printf_oct_int_ll.o(.text)
    Inline ARM to Thumb Veneer to _printf_hex_ptr 0x30003c20   ARM Code       8  _printf_hex_int_ll_ptr.o(.text)
    _printf_longlong_hex                     0x30003c29   Thumb Code    92  _printf_hex_int_ll_ptr.o(.text)
    _printf_int_hex                          0x30003c85   Thumb Code    32  _printf_hex_int_ll_ptr.o(.text)
    _printf_ll_hex                           0x30003ca5   Thumb Code    10  _printf_hex_int_ll_ptr.o(.text)
    _printf_hex_ptr                          0x30003caf   Thumb Code    22  _printf_hex_int_ll_ptr.o(.text)
    __printf                                 0x30003cc9   Thumb Code   406  __printf_flags_ss_wp.o(.text)
    strtol                                   0x30003e65   Thumb Code   112  strtol.o(.text)
    __aeabi_memcpy                           0x30003ed8   ARM Code       0  rt_memcpy.o(.text)
    __rt_memcpy                              0x30003ed8   ARM Code     212  rt_memcpy.o(.text)
    _memcpy_lastbytes                        0x30003f8c   ARM Code       0  rt_memcpy.o(.text)
    __aeabi_memclr                           0x30003fac   ARM Code       0  rt_memclr.o(.text)
    __rt_memclr                              0x30003fac   ARM Code      64  rt_memclr.o(.text)
    _memset                                  0x30003fb0   ARM Code       0  rt_memclr.o(.text)
    __user_libspace                          0x30003fec   ARM Code      12  libspace.o(.text)
    __user_perproc_libspace                  0x30003fec   ARM Code       0  libspace.o(.text)
    __user_perthread_libspace                0x30003fec   ARM Code       0  libspace.o(.text)
    Inline Thumb to ARM Veneer to _ll_udiv10 0x30003ff9   Thumb Code     4  lludiv10.o(.text)
    _ll_udiv10                               0x30003ffc   ARM Code     160  lludiv10.o(.text)
    _printf_int_common                       0x3000409d   Thumb Code   186  _printf_intcommon.o(.text)
    __lib_sel_fp_printf                      0x30004159   Thumb Code     2  _printf_fp_dec.o(.text)
    _printf_fp_dec_real                      0x300042f9   Thumb Code   626  _printf_fp_dec.o(.text)
    Inline ARM to Thumb Veneer to _printf_char 0x30004578   ARM Code       8  _printf_char.o(.text)
    _printf_cs_common                        0x30004581   Thumb Code    26  _printf_char.o(.text)
    _printf_char                             0x3000459b   Thumb Code    16  _printf_char.o(.text)
    _printf_string                           0x300045ab   Thumb Code     8  _printf_char.o(.text)
    Inline ARM to Thumb Veneer to _printf_wchar 0x300045b4   ARM Code       8  _printf_wchar.o(.text)
    _printf_lcs_common                       0x300045bd   Thumb Code    26  _printf_wchar.o(.text)
    _printf_wchar                            0x300045d7   Thumb Code    16  _printf_wchar.o(.text)
    _printf_wstring                          0x300045e7   Thumb Code     8  _printf_wchar.o(.text)
    _strtoul                                 0x300045ef   Thumb Code   172  _strtoul.o(.text)
    _wcrtomb                                 0x3000469b   Thumb Code    74  _wcrtomb.o(.text)
    __aeabi_memcpy4                          0x300046e4   ARM Code       0  rt_memcpy_w.o(.text)
    __aeabi_memcpy8                          0x300046e4   ARM Code       0  rt_memcpy_w.o(.text)
    __rt_memcpy_w                            0x300046e4   ARM Code     100  rt_memcpy_w.o(.text)
    _memcpy_lastbytes_aligned                0x30004730   ARM Code       0  rt_memcpy_w.o(.text)
    __aeabi_memclr4                          0x30004748   ARM Code       0  rt_memclr_w.o(.text)
    __aeabi_memclr8                          0x30004748   ARM Code       0  rt_memclr_w.o(.text)
    __rt_memclr_w                            0x30004748   ARM Code      84  rt_memclr_w.o(.text)
    _memset_w                                0x3000474c   ARM Code       0  rt_memclr_w.o(.text)
    strcmp                                   0x3000479c   ARM Code     156  strcmp.o(.text)
    Inline Thumb to ARM Veneer to __rt_udiv10 0x3000483d   Thumb Code     4  rtudiv10.o(.text)
    __rt_udiv10                              0x30004840   ARM Code      44  rtudiv10.o(.text)
    __user_setup_stackheap                   0x3000486c   ARM Code      96  sys_stackheap_outer.o(.text)
    _printf_fp_infnan                        0x300048cd   Thumb Code   128  _printf_fp_infnan.o(.text)
    _chval                                   0x3000495d   Thumb Code    30  _chval.o(.text)
    _btod_etento                             0x3000497d   Thumb Code   210  bigflt0.o(.text)
    exit                                     0x30004a55   Thumb Code    12  exit.o(.text)
    Inline ARM to Thumb Veneer to _sys_exit  0x30004a60   ARM Code       8  sys_exit.o(.text)
    _sys_exit                                0x30004a69   Thumb Code     8  sys_exit.o(.text)
    __I$use$semihosting                      0x30004a74   ARM Code       0  use_no_semi.o(.text)
    __use_no_semihosting_swi                 0x30004a74   ARM Code       4  use_no_semi.o(.text)
    Inline Thumb to ARM Veneer to _btod_d2e  0x30004a79   Thumb Code     4  btod.o(CL$$btod_d2e)
    __semihosting_library_function           0x30004a78   ARM Code       0  indicate_semi.o(.text)
    _btod_d2e                                0x30004a7c   ARM Code      56  btod.o(CL$$btod_d2e)
    _d2e_denorm_low                          0x30004ab4   ARM Code      84  btod.o(CL$$btod_d2e_denorm_low)
    _d2e_norm_op1                            0x30004b08   ARM Code     104  btod.o(CL$$btod_d2e_norm_op1)
    __btod_div_common                        0x30004b70   ARM Code     716  btod.o(CL$$btod_div_common)
    _e2e                                     0x30004ebc   ARM Code     220  btod.o(CL$$btod_e2e)
    Inline Thumb to ARM Veneer to _btod_ediv 0x30004f99   Thumb Code     4  btod.o(CL$$btod_ediv)
    _btod_ediv                               0x30004f9c   ARM Code      52  btod.o(CL$$btod_ediv)
    Inline Thumb to ARM Veneer to _btod_emul 0x30004fd1   Thumb Code     4  btod.o(CL$$btod_emul)
    _btod_emul                               0x30004fd4   ARM Code      52  btod.o(CL$$btod_emul)
    __btod_mult_common                       0x30005008   ARM Code     616  btod.o(CL$$btod_mult_common)
    Long ARM to Thumb Veneer to _printf_int_hex 0x30005270   ARM Code      12  anon$$obj.o(Veneer$$Code)
    Long ARM to Thumb Veneer to _printf_ll_oct 0x3000527c   ARM Code      12  anon$$obj.o(Veneer$$Code)
    Long ARM to Thumb Veneer to _printf_ll_hex 0x30005288   ARM Code      12  anon$$obj.o(Veneer$$Code)
    Long ARM to Thumb Veneer to _printf_string 0x30005294   ARM Code      12  anon$$obj.o(Veneer$$Code)
    Long ARM to Thumb Veneer to _printf_wstring 0x300052a0   ARM Code      12  anon$$obj.o(Veneer$$Code)
    Long ARM to Thumb Veneer to _printf_fp_dec_real 0x300052ac   ARM Code      12  anon$$obj.o(Veneer$$Code)
    __ARM_common_call_via_r1                 0x300052b9   Thumb Code     2  __printf.o(i.__ARM_common_call_via_r1)
    __ARM_common_call_via_r2                 0x300052bb   Thumb Code     2  _printf_wctomb.o(i.__ARM_common_call_via_r2)
    __ARM_common_call_via_r3                 0x300052bd   Thumb Code     2  _wcrtomb.o(i.__ARM_common_call_via_r3)
    Inline Thumb to ARM Veneer to __ARM_fpclassify 0x300052c1   Thumb Code     4  fpclassify.o(i.__ARM_fpclassify)
    __ARM_fpclassify                         0x300052c4   ARM Code      48  fpclassify.o(i.__ARM_fpclassify)
    _is_digit                                0x300052f5   Thumb Code    14  __printf_wp.o(i._is_digit)
    Inline Thumb to ARM Veneer to _get_lc_ctype 0x30005305   Thumb Code     4  lc_ctype_c.o(locale$$code)
    _get_lc_ctype                            0x30005308   ARM Code      80  lc_ctype_c.o(locale$$code)
    Inline Thumb to ARM Veneer to _get_lc_numeric 0x30005359   Thumb Code     4  lc_numeric_c.o(locale$$code)
    _get_lc_numeric                          0x3000535c   ARM Code      80  lc_numeric_c.o(locale$$code)
    __aeabi_dadd                             0x300053ac   ARM Code       0  daddsub_noclz.o(x$fpl$dadd)
    _dadd                                    0x300053ac   ARM Code     336  daddsub_noclz.o(x$fpl$dadd)
    __aeabi_ddiv                             0x30005500   ARM Code       0  ddiv.o(x$fpl$ddiv)
    _ddiv                                    0x30005500   ARM Code     600  ddiv.o(x$fpl$ddiv)
    __aeabi_d2iz                             0x300057e0   ARM Code       0  dfix.o(x$fpl$dfix)
    _dfix                                    0x300057e0   ARM Code     112  dfix.o(x$fpl$dfix)
    __aeabi_i2d                              0x30005850   ARM Code       0  dflt_noclz.o(x$fpl$dflt)
    _dflt                                    0x30005850   ARM Code      88  dflt_noclz.o(x$fpl$dflt)
    __dflt_normalise                         0x30005860   ARM Code       0  dflt_noclz.o(x$fpl$dflt)
    __fpl_dnaninf                            0x300058a8   ARM Code     192  dnaninf.o(x$fpl$dnaninf)
    __fpl_dretinf                            0x30005968   ARM Code      16  dretinf.o(x$fpl$dretinf)
    __aeabi_dsub                             0x30005978   ARM Code       0  daddsub_noclz.o(x$fpl$dsub)
    _dsub                                    0x30005978   ARM Code     576  daddsub_noclz.o(x$fpl$dsub)
    Inline Thumb to ARM Veneer to __ieee_status 0x30005bbd   Thumb Code     4  istatus.o(x$fpl$ieeestatus)
    __ieee_status                            0x30005bc0   ARM Code       8  istatus.o(x$fpl$ieeestatus)
    _printf_fp_dec                           0x30005bc8   ARM Code       4  printf1.o(x$fpl$printf1)
    __I$use$fp                               0x30005bcc   Number         0  usenofp.o(x$fpl$usenofp)
    Region$$Table$$Base                      0x30005d9c   Number         0  anon$$obj.o(Region$$Table)
    Region$$Table$$Limit                     0x30005dbc   Number         0  anon$$obj.o(Region$$Table)
    __ctype                                  0x30005dc9   Data           0  lc_ctype_c.o(locale$$data)
    download_len                             0x30030000   Data           4  main.o(.data)
    download_addr                            0x30030004   Data           4  main.o(.data)
    MacAddr                                  0x3003000c   Data           6  dm9000dbg.o(.data)
    skb_cur                                  0x30030038   Data           4  skbuff.o(.data)
    client_ip                                0x3003003c   Data           4  tftp.o(.data)
    client_port                              0x30030040   Data           2  tftp.o(.data)
    client_block                             0x30030042   Data           2  tftp.o(.data)
    day                                      0x30030044   Data          32  tftpmain.o(.data)
    data                                     0x30030064   Data           4  tftpmain.o(.data)
    g_nYear                                  0x30030068   Data           4  tftpmain.o(.data)
    g_nMonth                                 0x3003006c   Data           4  tftpmain.o(.data)
    g_nDate                                  0x30030070   Data           4  tftpmain.o(.data)
    g_nWeekday                               0x30030074   Data           4  tftpmain.o(.data)
    g_nHour                                  0x30030078   Data           4  tftpmain.o(.data)
    g_nMin                                   0x3003007c   Data           4  tftpmain.o(.data)
    g_nSec                                   0x30030080   Data           4  tftpmain.o(.data)
    TftpLoadEnd                              0x30030084   Data           1  tftpmain.o(.data)
    TftpPutBegin                             0x30030085   Data           1  tftpmain.o(.data)
    TftpPutMark                              0x30030086   Data           1  tftpmain.o(.data)
    f_nWhichUart                             0x30030098   Data           4  2410lib.o(.data)
    Image$$RW_ZI$$ZI$$Limit                  0x3003009c   Data           1  2410lib.o(.data)
    nCNT                                     0x300300a0   Data           4  sys_init.o(.data)
    skbuff                                   0x30030170   Data        7640  skbuff.o(.bss)
    __libspace_start                         0x30031f48   Data          96  libspace.o(.bss)
    __temporary_stack_top$libspace           0x30031fa8   Data           0  libspace.o(.bss)



==============================================================================

Memory Map of the image

  Image Entry point : 0x300001fc

  Load Region LR_ROM1 (Base: 0x30000000, Size: 0x00005f8c, Max: 0x00030000, ABSOLUTE)

    Execution Region ER_ROM1 (Base: 0x30000000, Size: 0x00005ee8, Max: 0x00030000, ABSOLUTE)

    Base Addr    Size         Type   Attr      Idx    E Section Name        Object

    0x30000000   0x000001fc   Code   RO            3    RESET               s3c2410a.o
    0x300001fc   0x00000008   Code   RO          333  * !!!main             c_t.l(__main.o)
    0x30000204   0x0000003c   Code   RO          705    !!!scatter          c_t.l(__scatter.o)
    0x30000240   0x00000028   Code   RO          707    !!handler_copy      c_t.l(__scatter_copy.o)
    0x30000268   0x0000002c   Code   RO          709    !!handler_zi        c_t.l(__scatter_zi.o)
    0x30000294   0x00000004   Ven    RO          456    .ARM.Collect$$_printf_percent$$00000000  c_t.l(_printf_percent.o)
    0x30000298   0x00000000   Code   RO          456    .ARM.Collect$$_printf_percent$$00000000  c_t.l(_printf_percent.o)
    0x30000298   0x00000008   Code   RO          445    .ARM.Collect$$_printf_percent$$00000001  c_t.l(_printf_n.o)
    0x300002a0   0x00000008   Code   RO          447    .ARM.Collect$$_printf_percent$$00000002  c_t.l(_printf_p.o)
    0x300002a8   0x00000008   Code   RO          452    .ARM.Collect$$_printf_percent$$00000003  c_t.l(_printf_f.o)
    0x300002b0   0x00000008   Code   RO          453    .ARM.Collect$$_printf_percent$$00000004  c_t.l(_printf_e.o)
    0x300002b8   0x00000008   Code   RO          454    .ARM.Collect$$_printf_percent$$00000005  c_t.l(_printf_g.o)
    0x300002c0   0x00000008   Code   RO          455    .ARM.Collect$$_printf_percent$$00000006  c_t.l(_printf_a.o)
    0x300002c8   0x0000000c   Code   RO          460    .ARM.Collect$$_printf_percent$$00000007  c_t.l(_printf_ll.o)
    0x300002d4   0x00000008   Code   RO          449    .ARM.Collect$$_printf_percent$$00000008  c_t.l(_printf_i.o)
    0x300002dc   0x00000008   Code   RO          450    .ARM.Collect$$_printf_percent$$00000009  c_t.l(_printf_d.o)
    0x300002e4   0x00000008   Code   RO          451    .ARM.Collect$$_printf_percent$$0000000A  c_t.l(_printf_u.o)
    0x300002ec   0x00000008   Code   RO          448    .ARM.Collect$$_printf_percent$$0000000B  c_t.l(_printf_o.o)
    0x300002f4   0x00000008   Code   RO          446    .ARM.Collect$$_printf_percent$$0000000C  c_t.l(_printf_x.o)
    0x300002fc   0x00000008   Code   RO          457    .ARM.Collect$$_printf_percent$$0000000D  c_t.l(_printf_lli.o)
    0x30000304   0x00000008   Code   RO          458    .ARM.Collect$$_printf_percent$$0000000E  c_t.l(_printf_lld.o)
    0x3000030c   0x00000008   Code   RO          459    .ARM.Collect$$_printf_percent$$0000000F  c_t.l(_printf_llu.o)
    0x30000314   0x00000008   Code   RO          464    .ARM.Collect$$_printf_percent$$00000010  c_t.l(_printf_llo.o)
    0x3000031c   0x00000008   Code   RO          465    .ARM.Collect$$_printf_percent$$00000011  c_t.l(_printf_llx.o)
    0x30000324   0x0000000c   Code   RO          461    .ARM.Collect$$_printf_percent$$00000012  c_t.l(_printf_l.o)
    0x30000330   0x00000008   Code   RO          443    .ARM.Collect$$_printf_percent$$00000013  c_t.l(_printf_c.o)
    0x30000338   0x00000008   Code   RO          444    .ARM.Collect$$_printf_percent$$00000014  c_t.l(_printf_s.o)
    0x30000340   0x00000008   Code   RO          462    .ARM.Collect$$_printf_percent$$00000015  c_t.l(_printf_lc.o)
    0x30000348   0x00000008   Code   RO          463    .ARM.Collect$$_printf_percent$$00000016  c_t.l(_printf_ls.o)
    0x30000350   0x00000008   Code   RO          518    .ARM.Collect$$_printf_percent$$00000017  c_t.l(_printf_percent_end.o)
    0x30000358   0x00000008   Ven    RO          623    .ARM.Collect$$libinit$$00000000  c_t.l(libinit.o)
    0x30000360   0x00000002   Code   RO          623    .ARM.Collect$$libinit$$00000000  c_t.l(libinit.o)
    0x30000362   0x00000000   Code   RO          534    .ARM.Collect$$libinit$$00000002  c_t.l(libinit2.o)
    0x30000362   0x00000000   Code   RO          537    .ARM.Collect$$libinit$$00000008  c_t.l(libinit2.o)
    0x30000362   0x00000000   Code   RO          539    .ARM.Collect$$libinit$$0000000A  c_t.l(libinit2.o)
    0x30000362   0x00000000   Code   RO          541    .ARM.Collect$$libinit$$0000000C  c_t.l(libinit2.o)
    0x30000362   0x00000006   Code   RO          542    .ARM.Collect$$libinit$$0000000D  c_t.l(libinit2.o)
    0x30000368   0x00000000   Code   RO          544    .ARM.Collect$$libinit$$0000000F  c_t.l(libinit2.o)
    0x30000368   0x0000000c   Code   RO          545    .ARM.Collect$$libinit$$00000010  c_t.l(libinit2.o)
    0x30000374   0x00000000   Code   RO          546    .ARM.Collect$$libinit$$00000011  c_t.l(libinit2.o)
    0x30000374   0x00000000   Code   RO          548    .ARM.Collect$$libinit$$00000013  c_t.l(libinit2.o)
    0x30000374   0x0000000a   Code   RO          549    .ARM.Collect$$libinit$$00000014  c_t.l(libinit2.o)
    0x3000037e   0x00000000   Code   RO          550    .ARM.Collect$$libinit$$00000015  c_t.l(libinit2.o)
    0x3000037e   0x00000000   Code   RO          552    .ARM.Collect$$libinit$$00000017  c_t.l(libinit2.o)
    0x3000037e   0x00000000   Code   RO          554    .ARM.Collect$$libinit$$00000019  c_t.l(libinit2.o)
    0x3000037e   0x00000000   Code   RO          556    .ARM.Collect$$libinit$$0000001B  c_t.l(libinit2.o)
    0x3000037e   0x00000000   Code   RO          558    .ARM.Collect$$libinit$$0000001D  c_t.l(libinit2.o)
    0x3000037e   0x00000000   Code   RO          560    .ARM.Collect$$libinit$$0000001F  c_t.l(libinit2.o)
    0x3000037e   0x00000000   Code   RO          562    .ARM.Collect$$libinit$$00000021  c_t.l(libinit2.o)
    0x3000037e   0x00000000   Code   RO          564    .ARM.Collect$$libinit$$00000023  c_t.l(libinit2.o)
    0x3000037e   0x00000000   Code   RO          568    .ARM.Collect$$libinit$$0000002A  c_t.l(libinit2.o)
    0x3000037e   0x00000000   Code   RO          570    .ARM.Collect$$libinit$$0000002C  c_t.l(libinit2.o)
    0x3000037e   0x00000000   Code   RO          572    .ARM.Collect$$libinit$$0000002E  c_t.l(libinit2.o)
    0x3000037e   0x00000000   Code   RO          574    .ARM.Collect$$libinit$$00000030  c_t.l(libinit2.o)
    0x3000037e   0x0000000c   Code   RO          575    .ARM.Collect$$libinit$$00000031  c_t.l(libinit2.o)
    0x3000038a   0x00000002   PAD
    0x3000038c   0x00000008   Ven    RO          674    .ARM.Collect$$libshutdown$$00000000  c_t.l(libshutdown.o)
    0x30000394   0x00000004   Code   RO          674    .ARM.Collect$$libshutdown$$00000000  c_t.l(libshutdown.o)
    0x30000398   0x00000000   Code   RO          691    .ARM.Collect$$libshutdown$$00000003  c_t.l(libshutdown2.o)
    0x30000398   0x00000000   Code   RO          694    .ARM.Collect$$libshutdown$$00000006  c_t.l(libshutdown2.o)
    0x30000398   0x00000000   Code   RO          697    .ARM.Collect$$libshutdown$$00000009  c_t.l(libshutdown2.o)
    0x30000398   0x00000000   Code   RO          699    .ARM.Collect$$libshutdown$$0000000B  c_t.l(libshutdown2.o)
    0x30000398   0x00000000   Code   RO          702    .ARM.Collect$$libshutdown$$0000000E  c_t.l(libshutdown2.o)
    0x30000398   0x00000006   Code   RO          703    .ARM.Collect$$libshutdown$$0000000F  c_t.l(libshutdown2.o)
    0x3000039e   0x00000002   PAD
    0x300003a0   0x00000000   Code   RO          353    .ARM.Collect$$rtentry$$00000000  c_t.l(rtentry.o)
    0x300003a0   0x00000000   Code   RO          486    .ARM.Collect$$rtentry$$00000002  c_t.l(rtentry2.o)
    0x300003a0   0x00000008   Code   RO          498    .ARM.Collect$$rtentry$$00000004  c_t.l(rtentry4.o)
    0x300003a8   0x00000000   Code   RO          488    .ARM.Collect$$rtentry$$00000009  c_t.l(rtentry2.o)
    0x300003a8   0x00000004   Code   RO          489    .ARM.Collect$$rtentry$$0000000A  c_t.l(rtentry2.o)
    0x300003ac   0x00000000   Code   RO          491    .ARM.Collect$$rtentry$$0000000C  c_t.l(rtentry2.o)
    0x300003ac   0x00000028   Code   RO          492    .ARM.Collect$$rtentry$$0000000D  c_t.l(rtentry2.o)
    0x300003d4   0x00000004   Ven    RO          630    .ARM.Collect$$rtexit$$00000000  c_t.l(rtexit.o)
    0x300003d8   0x00000004   Code   RO          630    .ARM.Collect$$rtexit$$00000000  c_t.l(rtexit.o)
    0x300003dc   0x00000000   Code   RO          647    .ARM.Collect$$rtexit$$00000002  c_t.l(rtexit2.o)
    0x300003dc   0x00000004   Code   RO          648    .ARM.Collect$$rtexit$$00000003  c_t.l(rtexit2.o)
    0x300003e0   0x00000008   Code   RO          649    .ARM.Collect$$rtexit$$00000004  c_t.l(rtexit2.o)
    0x300003e8   0x00000024   Code   RO            4    .text               s3c2410a.o
    0x3000040c   0x00000094   Code   RO           11    .text               main.o
    0x300004a0   0x000003e0   Code   RO           46    .text               arp.o
    0x30000880   0x00000da4   Code   RO           73    .text               dm9000dbg.o
    0x30001624   0x000000d4   Code   RO           91    .text               eth.o
    0x300016f8   0x00000124   Code   RO          103    .text               icmp.o
    0x3000181c   0x00000298   Code   RO          123    .text               ip.o
    0x30001ab4   0x00000124   Code   RO          140    .text               skbuff.o
    0x30001bd8   0x000002cc   Code   RO          156    .text               tftp.o
    0x30001ea4   0x00000548   Code   RO          177    .text               tftpmain.o
    0x300023ec   0x00000138   Code   RO          197    .text               tftpput.o
    0x30002524   0x00000130   Code   RO          212    .text               udp.o
    0x30002654   0x00000b00   Code   RO          224    .text               2410lib.o
    0x30003154   0x00000474   Code   RO          274    .text               sys_init.o
    0x300035c8   0x00000004   Ven    RO          299    .text               c_t.l(rt_ctype_table.o)
    0x300035cc   0x00000018   Code   RO          299    .text               c_t.l(rt_ctype_table.o)
    0x300035e4   0x00000008   Ven    RO          301    .text               c_t.l(c89vsprintf.o)
    0x300035ec   0x00000028   Code   RO          301    .text               c_t.l(c89vsprintf.o)
    0x30003614   0x00000008   Ven    RO          303    .text               c_t.l(atoi.o)
    0x3000361c   0x0000001e   Code   RO          303    .text               c_t.l(atoi.o)
    0x3000363a   0x00000002   PAD
    0x3000363c   0x00000008   Ven    RO          305    .text               c_t.l(strlen.o)
    0x30003644   0x00000044   Code   RO          305    .text               c_t.l(strlen.o)
    0x30003688   0x00000010   Code   RO          307    .text               c_t.l(memcpy.o)
    0x30003698   0x00000020   Code   RO          309    .text               c_t.l(memset.o)
    0x300036b8   0x00000020   Code   RO          311    .text               c_t.l(uread4.o)
    0x300036d8   0x00000020   Code   RO          313    .text               c_t.l(uwrite4.o)
    0x300036f8   0x00000004   Ven    RO          315    .text               c_t.l(aeabi_sdiv.o)
    0x300036fc   0x00000180   Code   RO          315    .text               c_t.l(aeabi_sdiv.o)
    0x3000387c   0x00000006   Code   RO          331    .text               c_t.l(heapauxi.o)
    0x30003882   0x00000002   PAD
    0x30003884   0x00000004   Ven    RO          361    .text               c_t.l(rt_locale_intlibspace.o)
    0x30003888   0x0000000c   Code   RO          361    .text               c_t.l(rt_locale_intlibspace.o)
    0x30003894   0x00000004   Ven    RO          366    .text               c_t.l(rt_errno_addr_intlibspace.o)
    0x30003898   0x0000000c   Code   RO          366    .text               c_t.l(rt_errno_addr_intlibspace.o)
    0x300038a4   0x00000056   Code   RO          374    .text               c_t.l(_printf_pad.o)
    0x300038fa   0x0000002c   Code   RO          376    .text               c_t.l(_printf_truncate.o)
    0x30003926   0x00000058   Code   RO          378    .text               c_t.l(_printf_str.o)
    0x3000397e   0x00000002   PAD
    0x30003980   0x00000008   Ven    RO          380    .text               c_t.l(_printf_dec.o)
    0x30003988   0x00000070   Code   RO          380    .text               c_t.l(_printf_dec.o)
    0x300039f8   0x00000008   Ven    RO          382    .text               c_t.l(_printf_charcount.o)
    0x30003a00   0x00000028   Code   RO          382    .text               c_t.l(_printf_charcount.o)
    0x30003a28   0x00000030   Code   RO          384    .text               c_t.l(_printf_char_common.o)
    0x30003a58   0x0000000a   Code   RO          386    .text               c_t.l(_sputc.o)
    0x30003a62   0x00000002   PAD
    0x30003a64   0x000000c0   Code   RO          388    .text               c_t.l(_printf_wctomb.o)
    0x30003b24   0x00000008   Ven    RO          394    .text               c_t.l(_printf_longlong_dec.o)
    0x30003b2c   0x00000074   Code   RO          394    .text               c_t.l(_printf_longlong_dec.o)
    0x30003ba0   0x00000008   Ven    RO          400    .text               c_t.l(_printf_oct_int_ll.o)
    0x30003ba8   0x00000078   Code   RO          400    .text               c_t.l(_printf_oct_int_ll.o)
    0x30003c20   0x00000008   Ven    RO          420    .text               c_t.l(_printf_hex_int_ll_ptr.o)
    0x30003c28   0x000000a0   Code   RO          420    .text               c_t.l(_printf_hex_int_ll_ptr.o)
    0x30003cc8   0x0000019c   Code   RO          440    .text               c_t.l(__printf_flags_ss_wp.o)
    0x30003e64   0x00000074   Code   RO          466    .text               c_t.l(strtol.o)
    0x30003ed8   0x000000d4   Code   RO          471    .text               c_t.l(rt_memcpy.o)
    0x30003fac   0x00000040   Code   RO          473    .text               c_t.l(rt_memclr.o)
    0x30003fec   0x0000000c   Code   RO          482    .text               c_t.l(libspace.o)
    0x30003ff8   0x00000004   Ven    RO          502    .text               c_t.l(lludiv10.o)
    0x30003ffc   0x000000a0   Code   RO          502    .text               c_t.l(lludiv10.o)
    0x3000409c   0x000000ba   Code   RO          504    .text               c_t.l(_printf_intcommon.o)
    0x30004156   0x00000002   PAD
    0x30004158   0x00000420   Code   RO          506    .text               c_t.l(_printf_fp_dec.o)
    0x30004578   0x00000008   Ven    RO          514    .text               c_t.l(_printf_char.o)
    0x30004580   0x00000032   Code   RO          514    .text               c_t.l(_printf_char.o)
    0x300045b2   0x00000002   PAD
    0x300045b4   0x00000008   Ven    RO          516    .text               c_t.l(_printf_wchar.o)
    0x300045bc   0x00000032   Code   RO          516    .text               c_t.l(_printf_wchar.o)
    0x300045ee   0x000000ac   Code   RO          519    .text               c_t.l(_strtoul.o)
    0x3000469a   0x0000004a   Code   RO          521    .text               c_t.l(_wcrtomb.o)
    0x300046e4   0x00000064   Code   RO          525    .text               c_t.l(rt_memcpy_w.o)
    0x30004748   0x00000054   Code   RO          527    .text               c_t.l(rt_memclr_w.o)
    0x3000479c   0x000000a0   Code   RO          529    .text               c_t.l(strcmp.o)
    0x3000483c   0x00000004   Ven    RO          531    .text               c_t.l(rtudiv10.o)
    0x30004840   0x0000002c   Code   RO          531    .text               c_t.l(rtudiv10.o)
    0x3000486c   0x00000060   Code   RO          576    .text               c_t.l(sys_stackheap_outer.o)
    0x300048cc   0x00000090   Code   RO          578    .text               c_t.l(_printf_fp_infnan.o)
    0x3000495c   0x0000001e   Code   RO          580    .text               c_t.l(_chval.o)
    0x3000497a   0x00000002   PAD
    0x3000497c   0x000000d8   Code   RO          582    .text               c_t.l(bigflt0.o)
    0x30004a54   0x0000000c   Code   RO          610    .text               c_t.l(exit.o)
    0x30004a60   0x00000008   Ven    RO          644    .text               c_t.l(sys_exit.o)
    0x30004a68   0x0000000c   Code   RO          644    .text               c_t.l(sys_exit.o)
    0x30004a74   0x00000004   Code   RO          665    .text               c_t.l(use_no_semi.o)
    0x30004a78   0x00000000   Code   RO          667    .text               c_t.l(indicate_semi.o)
    0x30004a78   0x00000004   Ven    RO          585    CL$$btod_d2e        c_t.l(btod.o)
    0x30004a7c   0x00000038   Code   RO          585    CL$$btod_d2e        c_t.l(btod.o)
    0x30004ab4   0x00000054   Code   RO          587    CL$$btod_d2e_denorm_low  c_t.l(btod.o)
    0x30004b08   0x00000068   Code   RO          586    CL$$btod_d2e_norm_op1  c_t.l(btod.o)
    0x30004b70   0x0000034c   Code   RO          595    CL$$btod_div_common  c_t.l(btod.o)
    0x30004ebc   0x000000dc   Code   RO          592    CL$$btod_e2e        c_t.l(btod.o)
    0x30004f98   0x00000004   Ven    RO          589    CL$$btod_ediv       c_t.l(btod.o)
    0x30004f9c   0x00000034   Code   RO          589    CL$$btod_ediv       c_t.l(btod.o)
    0x30004fd0   0x00000004   Ven    RO          588    CL$$btod_emul       c_t.l(btod.o)
    0x30004fd4   0x00000034   Code   RO          588    CL$$btod_emul       c_t.l(btod.o)
    0x30005008   0x00000268   Code   RO          594    CL$$btod_mult_common  c_t.l(btod.o)
    0x30005270   0x0000000c   Ven    RO          739    Veneer$$Code        anon$$obj.o
    0x3000527c   0x0000000c   Ven    RO          740    Veneer$$Code        anon$$obj.o
    0x30005288   0x0000000c   Ven    RO          741    Veneer$$Code        anon$$obj.o
    0x30005294   0x0000000c   Ven    RO          742    Veneer$$Code        anon$$obj.o
    0x300052a0   0x0000000c   Ven    RO          743    Veneer$$Code        anon$$obj.o
    0x300052ac   0x0000000c   Ven    RO          744    Veneer$$Code        anon$$obj.o
    0x300052b8   0x00000002   Code   RO          372    i.__ARM_common_call_via_r1  c_t.l(__printf.o)
    0x300052ba   0x00000002   Code   RO          392    i.__ARM_common_call_via_r2  c_t.l(_printf_wctomb.o)
    0x300052bc   0x00000002   Code   RO          523    i.__ARM_common_call_via_r3  c_t.l(_wcrtomb.o)
    0x300052be   0x00000002   PAD
    0x300052c0   0x00000004   Ven    RO          628    i.__ARM_fpclassify  m_ts.l(fpclassify.o)
    0x300052c4   0x00000030   Code   RO          628    i.__ARM_fpclassify  m_ts.l(fpclassify.o)
    0x300052f4   0x0000000e   Code   RO          433    i._is_digit         c_t.l(__printf_wp.o)
    0x30005302   0x00000002   PAD
    0x30005304   0x00000004   Ven    RO          469    locale$$code        c_t.l(lc_ctype_c.o)
    0x30005308   0x00000050   Code   RO          469    locale$$code        c_t.l(lc_ctype_c.o)
    0x30005358   0x00000004   Ven    RO          608    locale$$code        c_t.l(lc_numeric_c.o)
    0x3000535c   0x00000050   Code   RO          608    locale$$code        c_t.l(lc_numeric_c.o)
    0x300053ac   0x00000154   Code   RO          335    x$fpl$dadd          fz_ts.l(daddsub_noclz.o)
    0x30005500   0x000002e0   Code   RO          342    x$fpl$ddiv          fz_ts.l(ddiv.o)
    0x300057e0   0x00000070   Code   RO          345    x$fpl$dfix          fz_ts.l(dfix.o)
    0x30005850   0x00000058   Code   RO          350    x$fpl$dflt          fz_ts.l(dflt_noclz.o)
    0x300058a8   0x000000c0   Code   RO          475    x$fpl$dnaninf       fz_ts.l(dnaninf.o)
    0x30005968   0x00000010   Code   RO          477    x$fpl$dretinf       fz_ts.l(dretinf.o)
    0x30005978   0x00000244   Code   RO          337    x$fpl$dsub          fz_ts.l(daddsub_noclz.o)
    0x30005bbc   0x00000004   Ven    RO          626    x$fpl$ieeestatus    fz_ts.l(istatus.o)
    0x30005bc0   0x00000008   Code   RO          626    x$fpl$ieeestatus    fz_ts.l(istatus.o)
    0x30005bc8   0x00000004   Code   RO          479    x$fpl$printf1       fz_ts.l(printf1.o)
    0x30005bcc   0x00000000   Code   RO          481    x$fpl$usenofp       fz_ts.l(usenofp.o)
    0x30005bcc   0x000000d8   Data   RO          275    .constdata          sys_init.o
    0x30005ca4   0x00000008   Data   RO          389    .constdata          c_t.l(_printf_wctomb.o)
    0x30005cac   0x00000028   Data   RO          421    .constdata          c_t.l(_printf_hex_int_ll_ptr.o)
    0x30005cd4   0x00000011   Data   RO          441    .constdata          c_t.l(__printf_flags_ss_wp.o)
    0x30005ce5   0x00000003   PAD
    0x30005ce8   0x00000094   Data   RO          583    .constdata          c_t.l(bigflt0.o)
    0x30005d7c   0x0000001e   Data   RO          178    .conststring        tftpmain.o
    0x30005d9a   0x00000002   PAD
    0x30005d9c   0x00000020   Data   RO          704    Region$$Table       anon$$obj.o
    0x30005dbc   0x00000110   Data   RO          468    locale$$data        c_t.l(lc_ctype_c.o)
    0x30005ecc   0x0000001c   Data   RO          607    locale$$data        c_t.l(lc_numeric_c.o)


    Execution Region RW_RAM1 (Base: 0x30030000, Size: 0x000107a8, Max: 0x01000000, ABSOLUTE)

    Base Addr    Size         Type   Attr      Idx    E Section Name        Object

    0x30030000   0x00000008   Data   RW           12    .data               main.o
    0x30030008   0x00000004   Data   RW           48    .data               arp.o
    0x3003000c   0x0000001f   Data   RW           74    .data               dm9000dbg.o
    0x3003002b   0x00000001   PAD
    0x3003002c   0x00000004   Data   RW          104    .data               icmp.o
    0x30030030   0x00000006   Data   RW          124    .data               ip.o
    0x30030036   0x00000002   PAD
    0x30030038   0x00000004   Data   RW          142    .data               skbuff.o
    0x3003003c   0x00000008   Data   RW          157    .data               tftp.o
    0x30030044   0x00000043   Data   RW          179    .data               tftpmain.o
    0x30030087   0x00000001   PAD
    0x30030088   0x0000000c   Data   RW          198    .data               tftpput.o
    0x30030094   0x00000009   Data   RW          225    .data               2410lib.o
    0x3003009d   0x00000003   PAD
    0x300300a0   0x00000004   Data   RW          276    .data               sys_init.o
    0x300300a4   0x000000cc   Zero   RW           47    .bss                arp.o
    0x30030170   0x00001dd8   Zero   RW          141    .bss                skbuff.o
    0x30031f48   0x00000060   Zero   RW          483    .bss                c_t.l(libspace.o)
    0x30031fa8   0x00004800   Zero   RW            2    HEAP                s3c2410a.o
    0x300367a8   0x0000a000   Zero   RW            1    STACK               s3c2410a.o


==============================================================================

Image component sizes


      Code (inc. data)   RO Data    RW Data    ZI Data      Debug   Object Name

      2816        104          0          9          0       7940   2410lib.o
       992         24          0          4        204       5477   arp.o
      3492        704          0         31          0       6601   dm9000dbg.o
       212          0          0          0          0       1629   eth.o
       292          8          0          4          0       2270   icmp.o
       664         12          0          6          0       2725   ip.o
       148         60          0          8          0       2080   main.o
       544        216          0          0      59392        488   s3c2410a.o
       292         16          0          4       7640       2172   skbuff.o
      1140        244        216          4          0       2092   sys_init.o
       716         44          0          8          0       2692   tftp.o
      1352        388         30         67          0       3084   tftpmain.o
       312         32          0         12          0       2067   tftpput.o
       304          0          0          0          0       1763   udp.o

    ----------------------------------------------------------------------
     13348       1876        280        164      67236      43080   Object Totals
        72         24         32          0          0          0   (incl. Generated)
         0          0          2          7          0          0   (incl. Padding)

    ----------------------------------------------------------------------

      Code (inc. data)   RO Data    RW Data    ZI Data      Debug   Library Member Name

         8          0          0          0          0         68   __main.o
         2          0          0          0          0         60   __printf.o
       412          6         17          0          0         92   __printf_flags_ss_wp.o
        14          0          0          0          0         60   __printf_wp.o
        60          8          0          0          0          0   __scatter.o
        40          0          0          0          0          0   __scatter_copy.o
        44          0          0          0          0          0   __scatter_zi.o
        30          0          0          0          0         60   _chval.o
         8          0          0          0          0          0   _printf_a.o
         8          0          0          0          0          0   _printf_c.o
        58          0          0          0          0        112   _printf_char.o
        48          4          0          0          0         96   _printf_char_common.o
        48          0          0          0          0         60   _printf_charcount.o
         8          0          0          0          0          0   _printf_d.o
       120         18          0          0          0         88   _printf_dec.o
         8          0          0          0          0          0   _printf_e.o
         8          0          0          0          0          0   _printf_f.o
      1056         14          0          0          0        188   _printf_fp_dec.o
       144         16          0          0          0         88   _printf_fp_infnan.o
         8          0          0          0          0          0   _printf_g.o
       168          4         40          0          0        176   _printf_hex_int_ll_ptr.o
         8          0          0          0          0          0   _printf_i.o
       186          0          0          0          0         96   _printf_intcommon.o
        12          0          0          0          0          0   _printf_l.o
         8          0          0          0          0          0   _printf_lc.o
        12          0          0          0          0          0   _printf_ll.o
         8          0          0          0          0          0   _printf_lld.o
         8          0          0          0          0          0   _printf_lli.o
         8          0          0          0          0          0   _printf_llo.o
         8          0          0          0          0          0   _printf_llu.o
         8          0          0          0          0          0   _printf_llx.o
       124         18          0          0          0         88   _printf_longlong_dec.o
         8          0          0          0          0          0   _printf_ls.o
         8          0          0          0          0          0   _printf_n.o
         8          0          0          0          0          0   _printf_o.o
       128         10          0          0          0        136   _printf_oct_int_ll.o
         8          0          0          0          0          0   _printf_p.o
        86          0          0          0          0        116   _printf_pad.o
         4          0          0          0          0          0   _printf_percent.o
         8          0          0          0          0          0   _printf_percent_end.o
         8          0          0          0          0          0   _printf_s.o
        88          0          0          0          0         84   _printf_str.o
        44          0          0          0          0         76   _printf_truncate.o
         8          0          0          0          0          0   _printf_u.o
        58          0          0          0          0        112   _printf_wchar.o
       194          4          8          0          0        156   _printf_wctomb.o
         8          0          0          0          0          0   _printf_x.o
        10          0          0          0          0         60   _sputc.o
       172          0          0          0          0         96   _strtoul.o
        76          0          0          0          0        148   _wcrtomb.o
       388          0          0          0          0         80   aeabi_sdiv.o
        38          0          0          0          0         84   atoi.o
       216          6        148          0          0         96   bigflt0.o
      2040        128          0          0          0        696   btod.o
        48          4          0          0          0         80   c89vsprintf.o
        12          0          0          0          0         64   exit.o
         6          0          0          0          0        136   heapauxi.o
         0          0          0          0          0          0   indicate_semi.o
        84          8        272          0          0         92   lc_ctype_c.o
        84          8         28          0          0         92   lc_numeric_c.o
        10          0          0          0          0          0   libinit.o
        40          0          0          0          0          0   libinit2.o
        12          0          0          0          0          0   libshutdown.o
         6          0          0          0          0          0   libshutdown2.o
        12          4          0          0         96         68   libspace.o
       164          0          0          0          0         96   lludiv10.o
        16          0          0          0          0         80   memcpy.o
        32          0          0          0          0         80   memset.o
        28          4          0          0          0         84   rt_ctype_table.o
        16          4          0          0          0         68   rt_errno_addr_intlibspace.o
        16          4          0          0          0         68   rt_locale_intlibspace.o
        64          0          0          0          0         68   rt_memclr.o
        84          0          0          0          0         80   rt_memclr_w.o
       212          0          0          0          0         68   rt_memcpy.o
       100          0          0          0          0         80   rt_memcpy_w.o
         0          0          0          0          0          0   rtentry.o
        44          4          0          0          0          0   rtentry2.o
         8          0          0          0          0          0   rtentry4.o
         8          0          0          0          0          0   rtexit.o
        12          0          0          0          0          0   rtexit2.o
        48          0          0          0          0         68   rtudiv10.o
       160          4          0          0          0         80   strcmp.o
        76          4          0          0          0         76   strlen.o
       116          4          0          0          0         92   strtol.o
        20          4          0          0          0         60   sys_exit.o
        96          0          0          0          0         80   sys_stackheap_outer.o
        32          0          0          0          0         68   uread4.o
         4          0          0          0          0         68   use_no_semi.o
        32          0          0          0          0         68   uwrite4.o
       920         16          0          0          0        296   daddsub_noclz.o
       736        140          0          0          0        232   ddiv.o
       112          4          0          0          0         92   dfix.o
        88          0          0          0          0         68   dflt_noclz.o
       192          0          0          0          0        108   dnaninf.o
        16          0          0          0          0         68   dretinf.o
        12          0          0          0          0         68   istatus.o
         4          0          0          0          0         68   printf1.o
         0          0          0          0          0          0   usenofp.o
        52          0          0          0          0         68   fpclassify.o

    ----------------------------------------------------------------------
     10152        452        516          0         96       6304   Library Totals
        22          0          3          0          0          0   (incl. Padding)

    ----------------------------------------------------------------------

      Code (inc. data)   RO Data    RW Data    ZI Data      Debug   Library Name

      7998        292        513          0         96       5236   c_t.l
      2080        160          0          0          0       1000   fz_ts.l
        52          0          0          0          0         68   m_ts.l

    ----------------------------------------------------------------------
     10152        452        516          0         96       6304   Library Totals

    ----------------------------------------------------------------------

==============================================================================


      Code (inc. data)   RO Data    RW Data    ZI Data      Debug   

     23500       2328        796        164      67332      44856   Grand Totals
     23500       2328        796        164      67332      44856   ELF Image Totals
     23500       2328        796        164          0          0   ROM Totals

==============================================================================

    Total RO  Size (Code + RO Data)                24296 (  23.73kB)
    Total RW  Size (RW Data + ZI Data)             67496 (  65.91kB)
    Total ROM Size (Code + RO Data + RW Data)      24460 (  23.89kB)

==============================================================================

